Archive member included because of file (symbol)

e:/dev/nxp/lpcxpresso_6.0.2_151/lpcxpresso/tools/bin/../lib/gcc/arm-none-eabi/4.6.2/armv7-m\libgcc.a(_arm_addsubdf3.o)
                              ./mbed-src/targets/hal/TARGET_NXP/TARGET_LPC13XX/serial_api.o (__aeabi_f2d)
e:/dev/nxp/lpcxpresso_6.0.2_151/lpcxpresso/tools/bin/../lib/gcc/arm-none-eabi/4.6.2/armv7-m\libgcc.a(_arm_fixdfsi.o)
                              ./mbed-src/targets/hal/TARGET_NXP/TARGET_LPC13XX/spi_api.o (__aeabi_d2iz)
e:/dev/nxp/lpcxpresso_6.0.2_151/lpcxpresso/tools/bin/../lib/gcc/arm-none-eabi/4.6.2/armv7-m\libgcc.a(_arm_truncdfsf2.o)
                              ./mbed-src/targets/hal/TARGET_NXP/TARGET_LPC13XX/serial_api.o (__aeabi_d2f)
e:/dev/nxp/lpcxpresso_6.0.2_151/lpcxpresso/tools/bin/../lib/gcc/arm-none-eabi/4.6.2/armv7-m\libgcc.a(_arm_addsubsf3.o)
                              ./mbed-src/targets/hal/TARGET_NXP/TARGET_LPC13XX/serial_api.o (__aeabi_fsub)
e:/dev/nxp/lpcxpresso_6.0.2_151/lpcxpresso/tools/bin/../lib/gcc/arm-none-eabi/4.6.2/armv7-m\libgcc.a(_arm_muldivsf3.o)
                              ./mbed-src/targets/hal/TARGET_NXP/TARGET_LPC13XX/analogin_api.o (__aeabi_fmul)
e:/dev/nxp/lpcxpresso_6.0.2_151/lpcxpresso/tools/bin/../lib/gcc/arm-none-eabi/4.6.2/armv7-m\libgcc.a(_arm_cmpsf2.o)
                              ./mbed-src/targets/hal/TARGET_NXP/TARGET_LPC13XX/pwmout_api.o (__aeabi_fcmplt)
e:/dev/nxp/lpcxpresso_6.0.2_151/lpcxpresso/tools/bin/../lib/gcc/arm-none-eabi/4.6.2/armv7-m\libgcc.a(_arm_fixsfsi.o)
                              ./mbed-src/targets/hal/TARGET_NXP/TARGET_LPC13XX/pwmout_api.o (__aeabi_f2iz)
e:/dev/nxp/lpcxpresso_6.0.2_151/lpcxpresso/tools/bin/../lib/gcc/arm-none-eabi/4.6.2/armv7-m\libgcc.a(_arm_fixunssfsi.o)
                              ./mbed-src/targets/hal/TARGET_NXP/TARGET_LPC13XX/pwmout_api.o (__aeabi_f2uiz)
e:/dev/nxp/lpcxpresso_6.0.2_151/lpcxpresso/tools/bin/../lib/gcc/arm-none-eabi/4.6.2/armv7-m\libgcc.a(_aeabi_uldivmod.o)
                              ./mbed-src/targets/hal/TARGET_NXP/TARGET_LPC13XX/pwmout_api.o (__aeabi_uldivmod)
e:/dev/nxp/lpcxpresso_6.0.2_151/lpcxpresso/tools/bin/../lib/gcc/arm-none-eabi/4.6.2/armv7-m\libgcc.a(bpabi.o)
                              e:/dev/nxp/lpcxpresso_6.0.2_151/lpcxpresso/tools/bin/../lib/gcc/arm-none-eabi/4.6.2/armv7-m\libgcc.a(_aeabi_uldivmod.o) (__gnu_uldivmod_helper)
e:/dev/nxp/lpcxpresso_6.0.2_151/lpcxpresso/tools/bin/../lib/gcc/arm-none-eabi/4.6.2/armv7-m\libgcc.a(_dvmd_tls.o)
                              e:/dev/nxp/lpcxpresso_6.0.2_151/lpcxpresso/tools/bin/../lib/gcc/arm-none-eabi/4.6.2/armv7-m\libgcc.a(_aeabi_uldivmod.o) (__aeabi_ldiv0)
e:/dev/nxp/lpcxpresso_6.0.2_151/lpcxpresso/tools/bin/../lib/gcc/arm-none-eabi/4.6.2/armv7-m\libgcc.a(_divdi3.o)
                              e:/dev/nxp/lpcxpresso_6.0.2_151/lpcxpresso/tools/bin/../lib/gcc/arm-none-eabi/4.6.2/armv7-m\libgcc.a(bpabi.o) (__divdi3)
e:/dev/nxp/lpcxpresso_6.0.2_151/lpcxpresso/tools/bin/../lib/gcc/arm-none-eabi/4.6.2/armv7-m\libgcc.a(_udivdi3.o)
                              e:/dev/nxp/lpcxpresso_6.0.2_151/lpcxpresso/tools/bin/../lib/gcc/arm-none-eabi/4.6.2/armv7-m\libgcc.a(bpabi.o) (__udivdi3)
e:/dev/nxp/lpcxpresso_6.0.2_151/lpcxpresso/tools/bin/../lib/gcc/arm-none-eabi/4.6.2/../../../../arm-none-eabi/lib/armv7-m\libc.a(lib_a-errno.o)
                              ./mbed-src/common/retarget.o (__errno)
e:/dev/nxp/lpcxpresso_6.0.2_151/lpcxpresso/tools/bin/../lib/gcc/arm-none-eabi/4.6.2/../../../../arm-none-eabi/lib/armv7-m\libc.a(lib_a-fclose.o)
                              ./mbed-src/common/Stream.o (fclose)
e:/dev/nxp/lpcxpresso_6.0.2_151/lpcxpresso/tools/bin/../lib/gcc/arm-none-eabi/4.6.2/../../../../arm-none-eabi/lib/armv7-m\libc.a(lib_a-fflush.o)
                              e:/dev/nxp/lpcxpresso_6.0.2_151/lpcxpresso/tools/bin/../lib/gcc/arm-none-eabi/4.6.2/../../../../arm-none-eabi/lib/armv7-m\libc.a(lib_a-fclose.o) (_fflush_r)
e:/dev/nxp/lpcxpresso_6.0.2_151/lpcxpresso/tools/bin/../lib/gcc/arm-none-eabi/4.6.2/../../../../arm-none-eabi/lib/armv7-m\libc.a(lib_a-fgetc.o)
                              ./mbed-src/common/Stream.o (fgetc)
e:/dev/nxp/lpcxpresso_6.0.2_151/lpcxpresso/tools/bin/../lib/gcc/arm-none-eabi/4.6.2/../../../../arm-none-eabi/lib/armv7-m\libc.a(lib_a-fgets.o)
                              ./mbed-src/common/Stream.o (fgets)
e:/dev/nxp/lpcxpresso_6.0.2_151/lpcxpresso/tools/bin/../lib/gcc/arm-none-eabi/4.6.2/../../../../arm-none-eabi/lib/armv7-m\libc.a(lib_a-findfp.o)
                              e:/dev/nxp/lpcxpresso_6.0.2_151/lpcxpresso/tools/bin/../lib/gcc/arm-none-eabi/4.6.2/../../../../arm-none-eabi/lib/armv7-m\libc.a(lib_a-fclose.o) (__sinit)
e:/dev/nxp/lpcxpresso_6.0.2_151/lpcxpresso/tools/bin/../lib/gcc/arm-none-eabi/4.6.2/../../../../arm-none-eabi/lib/armv7-m\libc.a(lib_a-fopen.o)
                              ./mbed-src/common/Stream.o (fopen)
[...]
Memory Configuration

Name             Origin             Length             Attributes
MFlash64         0x00000000         0x00010000         xr
RamLoc8          0x100000c0         0x00001f40         xrw
RamUsb2          0x20004000         0x00000800         xrw
RamPeriph2       0x20000000         0x00000800         xrw
*default*        0x00000000         0xffffffff

Linker script and memory map

LOAD ./mbed-src/targets/hal/TARGET_NXP/TARGET_LPC13XX/analogin_api.o
LOAD ./mbed-src/targets/hal/TARGET_NXP/TARGET_LPC13XX/gpio_api.o
LOAD ./mbed-src/targets/hal/TARGET_NXP/TARGET_LPC13XX/gpio_irq_api.o
LOAD ./mbed-src/targets/hal/TARGET_NXP/TARGET_LPC13XX/i2c_api.o
LOAD ./mbed-src/targets/hal/TARGET_NXP/TARGET_LPC13XX/pinmap.o
LOAD ./mbed-src/targets/hal/TARGET_NXP/TARGET_LPC13XX/port_api.o
LOAD ./mbed-src/targets/hal/TARGET_NXP/TARGET_LPC13XX/pwmout_api.o
LOAD ./mbed-src/targets/hal/TARGET_NXP/TARGET_LPC13XX/serial_api.o
LOAD ./mbed-src/targets/hal/TARGET_NXP/TARGET_LPC13XX/sleep.o
LOAD ./mbed-src/targets/hal/TARGET_NXP/TARGET_LPC13XX/spi_api.o
LOAD ./mbed-src/targets/hal/TARGET_NXP/TARGET_LPC13XX/us_ticker.o
LOAD ./mbed-src/targets/cmsis/TARGET_NXP/TARGET_LPC13XX/TOOLCHAIN_GCC_CR/cr_startup_lpc13uxx.o
LOAD ./mbed-src/targets/cmsis/TARGET_NXP/TARGET_LPC13XX/cmsis_nvic.o
LOAD ./mbed-src/targets/cmsis/TARGET_NXP/TARGET_LPC13XX/system_LPC13Uxx.o
LOAD ./mbed-src/common/BusIn.o
LOAD ./mbed-src/common/BusInOut.o
LOAD ./mbed-src/common/BusOut.o
LOAD ./mbed-src/common/CAN.o
LOAD ./mbed-src/common/CallChain.o
LOAD ./mbed-src/common/Ethernet.o
LOAD ./mbed-src/common/FileBase.o
LOAD ./mbed-src/common/FileLike.o
LOAD ./mbed-src/common/FilePath.o
LOAD ./mbed-src/common/FileSystemLike.o
LOAD ./mbed-src/common/FunctionPointer.o
LOAD ./mbed-src/common/I2C.o
LOAD ./mbed-src/common/I2CSlave.o
LOAD ./mbed-src/common/InterruptIn.o
LOAD ./mbed-src/common/InterruptManager.o
LOAD ./mbed-src/common/LocalFileSystem.o
LOAD ./mbed-src/common/SPI.o
LOAD ./mbed-src/common/SPISlave.o
LOAD ./mbed-src/common/Serial.o
LOAD ./mbed-src/common/Stream.o
LOAD ./mbed-src/common/Ticker.o
LOAD ./mbed-src/common/Timeout.o
LOAD ./mbed-src/common/Timer.o
LOAD ./mbed-src/common/TimerEvent.o
LOAD ./mbed-src/common/board.o
LOAD ./mbed-src/common/exit.o
LOAD ./mbed-src/common/mbed_interface.o
LOAD ./mbed-src/common/pinmap_common.o
LOAD ./mbed-src/common/retarget.o
LOAD ./mbed-src/common/rtc_time.o
LOAD ./mbed-src/common/semihost_api.o
LOAD ./mbed-src/common/us_ticker_api.o
LOAD ./mbed-src/common/wait_api.o
LOAD ./main.o
START GROUP
LOAD e:/dev/nxp/lpcxpresso_6.0.2_151/lpcxpresso/tools/bin/../lib/gcc/arm-none-eabi/4.6.2/armv7-m\libgcc.a
LOAD e:/dev/nxp/lpcxpresso_6.0.2_151/lpcxpresso/tools/bin/../lib/gcc/arm-none-eabi/4.6.2/../../../../arm-none-eabi/lib/armv7-m\libc.a
LOAD e:/dev/nxp/lpcxpresso_6.0.2_151/lpcxpresso/tools/bin/../lib/gcc/arm-none-eabi/4.6.2/../../../../arm-none-eabi/lib/armv7-m\libstdc++.a
LOAD e:/dev/nxp/lpcxpresso_6.0.2_151/lpcxpresso/tools/bin/../lib/gcc/arm-none-eabi/4.6.2/../../../../arm-none-eabi/lib/armv7-m\libm.a
LOAD e:/dev/nxp/lpcxpresso_6.0.2_151/lpcxpresso/tools/bin/../lib/gcc/arm-none-eabi/4.6.2/armv7-m\crti.o
LOAD e:/dev/nxp/lpcxpresso_6.0.2_151/lpcxpresso/tools/bin/../lib/gcc/arm-none-eabi/4.6.2/armv7-m\crtn.o
LOAD e:/dev/nxp/lpcxpresso_6.0.2_151/lpcxpresso/tools/bin/../lib/gcc/arm-none-eabi/4.6.2/armv7-m\crtbegin.o
LOAD e:/dev/nxp/lpcxpresso_6.0.2_151/lpcxpresso/tools/bin/../lib/gcc/arm-none-eabi/4.6.2/armv7-m\crtend.o
END GROUP
                0x00010000                __top_MFlash64 = 0x10000
                0x10002000                __top_RamLoc8 = 0x10002000
                0x20004800                __top_RamUsb2 = 0x20004800
                0x20000800                __top_RamPeriph2 = 0x20000800

.text           0x00000000      0xe2c
 FILL mask 0xff
                0x00000000                __vectors_start__ = ABSOLUTE (.)
 *(.isr_vector)
 .isr_vector    0x00000000       0xc0 ./mbed-src/targets/cmsis/TARGET_NXP/TARGET_LPC13XX/TOOLCHAIN_GCC_CR/cr_startup_lpc13uxx.o
                0x00000000                g_pfnVectors
                0x000000c0                . = ALIGN (0x4)
                0x000000c0                __section_table_start = .
                0x000000c0                __data_section_table = .
                0x000000c0        0x4 LONG 0xe2c LOADADDR (.data)
                0x000000c4        0x4 LONG 0x100000c0 ADDR (.data)
                0x000000c8        0x4 LONG 0x4 SIZEOF (.data)
                0x000000cc        0x4 LONG 0xe2c LOADADDR (.data_RAM2)
                0x000000d0        0x4 LONG 0x20004000 ADDR (.data_RAM2)
                0x000000d4        0x4 LONG 0x0 SIZEOF (.data_RAM2)
                0x000000d8        0x4 LONG 0xe2c LOADADDR (.data_RAM3)
                0x000000dc        0x4 LONG 0x20000000 ADDR (.data_RAM3)
                0x000000e0        0x4 LONG 0x0 SIZEOF (.data_RAM3)
                0x000000e4                __data_section_table_end = .
                0x000000e4                __bss_section_table = .
                0x000000e4        0x4 LONG 0x100000c4 ADDR (.bss)
                0x000000e8        0x4 LONG 0x40 SIZEOF (.bss)
                0x000000ec        0x4 LONG 0x20004000 ADDR (.bss_RAM2)
                0x000000f0        0x4 LONG 0x0 SIZEOF (.bss_RAM2)
                0x000000f4        0x4 LONG 0x20000000 ADDR (.bss_RAM3)
                0x000000f8        0x4 LONG 0x0 SIZEOF (.bss_RAM3)
                0x000000fc                __bss_section_table_end = .
                0x000000fc                __section_table_end = .
 *(.after_vectors*)
 .after_vectors
                0x000000fc      0x19c ./mbed-src/targets/cmsis/TARGET_NXP/TARGET_LPC13XX/TOOLCHAIN_GCC_CR/cr_startup_lpc13uxx.o
                0x000000fc                data_init(unsigned int, unsigned int, unsigned int)
                0x00000154                bss_init(unsigned int, unsigned int)
                0x000001a0                ResetISR
                0x00000248                NMI_Handler
                0x00000250                HardFault_Handler
                0x00000258                MemManage_Handler
                0x00000260                BusFault_Handler
                0x00000268                UsageFault_Handler
                0x00000270                SVC_Handler
                0x00000278                DebugMon_Handler
                0x00000280                PendSV_Handler
                0x00000288                SysTick_Handler
                0x00000290                IntDefaultHandler
                0x00000290                PIN_INT4_IRQHandler
                0x00000290                SSP0_IRQHandler
                0x00000290                USBWakeup_IRQHandler
                0x00000290                CT32B1_IRQHandler
                0x00000290                PVTCIRCUIT_IRQHandler
                0x00000290                PIN_INT5_IRQHandler
                0x00000290                CT16B1_IRQHandler
                0x00000290                USB_FIQHandler
                0x00000290                PIN_INT6_IRQHandler
                0x00000290                SSP1_IRQHandler
                0x00000290                PIN_INT7_IRQHandler
                0x00000290                OSCFAIL_IRQHandler
                0x00000290                PIN_INT1_IRQHandler
                0x00000290                USB_IRQHandler
                0x00000290                BOD_IRQHandler
                0x00000290                I2C_IRQHandler
                0x00000290                USART_IRQHandler
                0x00000290                CT16B0_IRQHandler
                0x00000290                WDT_IRQHandler
                0x00000290                ADC_IRQHandler
                0x00000290                PIN_INT0_IRQHandler
                0x00000290                CT32B0_IRQHandler
                0x00000290                GINT0_IRQHandler
                0x00000290                OSTIMER_IRQHandler
                0x00000290                PIN_INT3_IRQHandler
                0x00000290                PIN_INT2_IRQHandler
                0x00000290                FMC_IRQHandler
                0x00000290                GINT1_IRQHandler
 *(.text*)
 .text.gpio_set
                0x00000298       0x5c ./mbed-src/targets/hal/TARGET_NXP/TARGET_LPC13XX/gpio_api.o
                0x00000298                gpio_set
 .text.gpio_init
                0x000002f4       0xc4 ./mbed-src/targets/hal/TARGET_NXP/TARGET_LPC13XX/gpio_api.o
                0x000002f4                gpio_init
 .text.gpio_dir
                0x000003b8       0x50 ./mbed-src/targets/hal/TARGET_NXP/TARGET_LPC13XX/gpio_api.o
                0x000003b8                gpio_dir
 .text.pin_function
                0x00000408       0x68 ./mbed-src/targets/hal/TARGET_NXP/TARGET_LPC13XX/pinmap.o
                0x00000408                pin_function
 .text.pin_mode
                0x00000470       0x98 ./mbed-src/targets/hal/TARGET_NXP/TARGET_LPC13XX/pinmap.o
                0x00000470                pin_mode
 .text.NVIC_EnableIRQ
                0x00000508       0x38 ./mbed-src/targets/hal/TARGET_NXP/TARGET_LPC13XX/us_ticker.o
 .text.us_ticker_init
                0x00000540       0xb0 ./mbed-src/targets/hal/TARGET_NXP/TARGET_LPC13XX/us_ticker.o
                0x00000540                us_ticker_init
 .text.us_ticker_read
                0x000005f0       0x24 ./mbed-src/targets/hal/TARGET_NXP/TARGET_LPC13XX/us_ticker.o
                0x000005f0                us_ticker_read
 .text.us_ticker_set_interrupt
                0x00000614       0x38 ./mbed-src/targets/hal/TARGET_NXP/TARGET_LPC13XX/us_ticker.o
                0x00000614                us_ticker_set_interrupt
 .text.us_ticker_disable_interrupt
                0x0000064c       0x24 ./mbed-src/targets/hal/TARGET_NXP/TARGET_LPC13XX/us_ticker.o
                0x0000064c                us_ticker_disable_interrupt
 .text.us_ticker_clear_interrupt
                0x00000670       0x18 ./mbed-src/targets/hal/TARGET_NXP/TARGET_LPC13XX/us_ticker.o
                0x00000670                us_ticker_clear_interrupt
 .text.NVIC_SetVector
                0x00000688       0x8c ./mbed-src/targets/cmsis/TARGET_NXP/TARGET_LPC13XX/cmsis_nvic.o
                0x00000688                NVIC_SetVector
 .text.SystemInit
                0x00000714      0x160 ./mbed-src/targets/cmsis/TARGET_NXP/TARGET_LPC13XX/system_LPC13Uxx.o
                0x00000714                SystemInit
 .text.gpio_write
                0x00000874       0x30 ./mbed-src/common/BusOut.o
 .text._ZN4mbed10DigitalOutC2E7PinName
                0x000008a4       0x2c ./mbed-src/common/BusOut.o
                0x000008a4                mbed::DigitalOut::DigitalOut(PinName)
                0x000008a4                mbed::DigitalOut::DigitalOut(PinName)
 .text._ZN4mbed10DigitalOut5writeEi
                0x000008d0       0x1c ./mbed-src/common/BusOut.o
                0x000008d0                mbed::DigitalOut::write(int)
 .text.us_ticker_irq_handler
                0x000008ec       0x9c ./mbed-src/common/us_ticker_api.o
                0x000008ec                us_ticker_irq_handler
 .text.wait     0x00000988       0x2c ./mbed-src/common/wait_api.o
                0x00000988                wait
 .text.wait_us  0x000009b4       0x2c ./mbed-src/common/wait_api.o
                0x000009b4                wait_us
 .text._ZN4mbed10DigitalOutaSEi
                0x000009e0       0x20 ./main.o
                0x000009e0                mbed::DigitalOut::operator=(int)
 .text.main     0x00000a00       0x3c ./main.o
                0x00000a00                main
 .text._Z41__static_initialization_and_destruction_0ii
                0x00000a3c       0x34 ./main.o
 .text._GLOBAL__sub_I_myled
                0x00000a70       0x14 ./main.o
 .text          0x00000a84      0x2a0 e:/dev/nxp/lpcxpresso_6.0.2_151/lpcxpresso/tools/bin/../lib/gcc/arm-none-eabi/4.6.2/armv7-m\libgcc.a(_arm_muldivsf3.o)
                0x00000a84                __mulsf3
                0x00000a84                __aeabi_fmul
                0x00000bec                __aeabi_fdiv
                0x00000bec                __divsf3
 .text          0x00000d24       0x4c e:/dev/nxp/lpcxpresso_6.0.2_151/lpcxpresso/tools/bin/../lib/gcc/arm-none-eabi/4.6.2/armv7-m\libgcc.a(_arm_fixsfsi.o)
                0x00000d24                __aeabi_f2iz
                0x00000d24                __fixsfsi
 .text.__libc_init_array
                0x00000d70       0x48 e:/dev/nxp/lpcxpresso_6.0.2_151/lpcxpresso/tools/bin/../lib/gcc/arm-none-eabi/4.6.2/../../../../arm-none-eabi/lib/armv7-m\libc.a(lib_a-init.o)
                0x00000d70                __libc_init_array
 .text          0x00000db8       0x54 e:/dev/nxp/lpcxpresso_6.0.2_151/lpcxpresso/tools/bin/../lib/gcc/arm-none-eabi/4.6.2/armv7-m\crtbegin.o
 *(.rodata .rodata.*)
                0x00000e0c                . = ALIGN (0x4)
                0x00000e0c                . = ALIGN (0x4)
 *(.init)
 .init          0x00000e0c        0x4 e:/dev/nxp/lpcxpresso_6.0.2_151/lpcxpresso/tools/bin/../lib/gcc/arm-none-eabi/4.6.2/armv7-m\crti.o
                0x00000e0c                _init
 .init          0x00000e10        0x8 e:/dev/nxp/lpcxpresso_6.0.2_151/lpcxpresso/tools/bin/../lib/gcc/arm-none-eabi/4.6.2/armv7-m\crtn.o
                0x00000e18                . = ALIGN (0x4)
                0x00000e18                __preinit_array_start = .
 *(.preinit_array)
                0x00000e18                __preinit_array_end = .
                0x00000e18                . = ALIGN (0x4)
                0x00000e18                __init_array_start = .
 *(SORT(.init_array.*))
 *(.init_array)
 .init_array    0x00000e18        0x4 ./main.o
 .init_array    0x00000e1c        0x4 e:/dev/nxp/lpcxpresso_6.0.2_151/lpcxpresso/tools/bin/../lib/gcc/arm-none-eabi/4.6.2/armv7-m\crtbegin.o
                0x00000e20                __init_array_end = .
 *(.fini)
 .fini          0x00000e20        0x4 e:/dev/nxp/lpcxpresso_6.0.2_151/lpcxpresso/tools/bin/../lib/gcc/arm-none-eabi/4.6.2/armv7-m\crti.o
                0x00000e20                _fini
 .fini          0x00000e24        0x8 e:/dev/nxp/lpcxpresso_6.0.2_151/lpcxpresso/tools/bin/../lib/gcc/arm-none-eabi/4.6.2/armv7-m\crtn.o
                0x00000e2c                . = ALIGN (0x4)
 *crtbegin.o(.ctors)
 *(EXCLUDE_FILE(*crtend.o) .ctors)
 *(SORT(.ctors.*))
 *crtend.o(.ctors)
                0x00000e2c                . = ALIGN (0x4)
 *crtbegin.o(.dtors)
 *(EXCLUDE_FILE(*crtend.o) .dtors)
 *(SORT(.dtors.*))
 *crtend.o(.dtors)

.glue_7         0x00000e2c        0x0
 .glue_7        0x00000000        0x0 linker stubs

.glue_7t        0x00000e2c        0x0
 .glue_7t       0x00000000        0x0 linker stubs

.vfp11_veneer   0x00000e2c        0x0
 .vfp11_veneer  0x00000000        0x0 linker stubs

.v4_bx          0x00000e2c        0x0
 .v4_bx         0x00000000        0x0 linker stubs

.eh_frame       0x00000e2c        0x0
 .eh_frame      0x00000e2c        0x0 e:/dev/nxp/lpcxpresso_6.0.2_151/lpcxpresso/tools/bin/../lib/gcc/arm-none-eabi/4.6.2/armv7-m\crtbegin.o

.ARM.extab
 *(.ARM.extab* .gnu.linkonce.armextab.*)
                0x00000e2c                __exidx_start = .

.ARM.exidx
 *(.ARM.exidx* .gnu.linkonce.armexidx.*)
                0x00000e2c                __exidx_end = .
                0x00000e2c                _etext = .

.data_RAM2      0x20004000        0x0 load address 0x00000e2c
 FILL mask 0xff
 *(.data.$RAM2*)
 *(.data.$RamUsb2*)
                0x20004000                . = ALIGN (0x4)

.data_RAM3      0x20000000        0x0 load address 0x00000e2c
 FILL mask 0xff
 *(.data.$RAM3*)
 *(.data.$RamPeriph2*)
                0x20000000                . = ALIGN (0x4)

.uninit_RESERVED
                0x100000c0        0x0
 *(.bss.$RESERVED*)
                0x100000c0                . = ALIGN (0x4)
                0x100000c0                _end_uninit_RESERVED = .

.data           0x100000c0        0x4 load address 0x00000e2c
 FILL mask 0xff
                0x100000c0                _data = .
 *(vtable)
 *(.data*)
 .data.SystemCoreClock
                0x100000c0        0x4 ./mbed-src/targets/cmsis/TARGET_NXP/TARGET_LPC13XX/system_LPC13Uxx.o
                0x100000c0                SystemCoreClock
                0x100000c4                . = ALIGN (0x4)
                0x100000c4                _edata = .

.jcr            0x100000c4        0x0 load address 0x00000e30
 .jcr           0x100000c4        0x0 e:/dev/nxp/lpcxpresso_6.0.2_151/lpcxpresso/tools/bin/../lib/gcc/arm-none-eabi/4.6.2/armv7-m\crtbegin.o

.bss_RAM2       0x20004000        0x0
 *(.bss.$RAM2*)
 *(.bss.$RamUsb2*)
                0x20004000                . = ALIGN (0x4)

.bss_RAM3       0x20000000        0x0
 *(.bss.$RAM3*)
 *(.bss.$RamPeriph2*)
                0x20000000                . = ALIGN (0x4)

.bss            0x100000c4       0x40
                0x100000c4                _bss = .
 *(.bss*)
 .bss.us_ticker_inited
                0x100000c4        0x4 ./mbed-src/targets/hal/TARGET_NXP/TARGET_LPC13XX/us_ticker.o
                0x100000c4                us_ticker_inited
 .bss.event_handler
                0x100000c8        0x4 ./mbed-src/common/us_ticker_api.o
 .bss.head      0x100000cc        0x4 ./mbed-src/common/us_ticker_api.o
 .bss.myled     0x100000d0       0x18 ./main.o
                0x100000d0                myled
 .bss           0x100000e8       0x1c e:/dev/nxp/lpcxpresso_6.0.2_151/lpcxpresso/tools/bin/../lib/gcc/arm-none-eabi/4.6.2/armv7-m\crtbegin.o
 *(COMMON)
                0x10000104                . = ALIGN (0x4)
                0x10000104                _ebss = .
                0x10000104                PROVIDE (end, .)

.noinit_RAM2    0x20004000        0x0
 *(.noinit.$RAM2*)
 *(.noinit.$RamUsb2*)
                0x20004000                . = ALIGN (0x4)

.noinit_RAM3    0x20000000        0x0
 *(.noinit.$RAM3*)
 *(.noinit.$RamPeriph2*)
                0x20000000                . = ALIGN (0x4)

.noinit         0x10000104        0x0
                0x10000104                _noinit = .
 *(.noinit*)
                0x10000104                . = ALIGN (0x4)
                0x10000104                _end_noinit = .
                0x10000104                PROVIDE (_pvHeapStart, .)
                0x10002000                PROVIDE (_vStackTop, (__top_RamLoc8 - 0x0))
OUTPUT(DipCortex-Mbed.axf elf32-littlearm)

.debug_info     0x00000000    0x33cc5
 .debug_info    0x00000000     0x15a2 ./mbed-src/targets/hal/TARGET_NXP/TARGET_LPC13XX/analogin_api.o
 .debug_info    0x000015a2      0x724 ./mbed-src/targets/hal/TARGET_NXP/TARGET_LPC13XX/gpio_api.o
 .debug_info    0x00001cc6      0xd35 ./mbed-src/targets/hal/TARGET_NXP/TARGET_LPC13XX/gpio_irq_api.o
 .debug_info    0x000029fb     0x1acc ./mbed-src/targets/hal/TARGET_NXP/TARGET_LPC13XX/i2c_api.o
 .debug_info    0x000044c7      0x3a6 ./mbed-src/targets/hal/TARGET_NXP/TARGET_LPC13XX/pinmap.o
 .debug_info    0x0000486d      0x79d ./mbed-src/targets/hal/TARGET_NXP/TARGET_LPC13XX/port_api.o
 .debug_info    0x0000500a     0x17b3 ./mbed-src/targets/hal/TARGET_NXP/TARGET_LPC13XX/pwmout_api.o
 .debug_info    0x000067bd     0x1b5a ./mbed-src/targets/hal/TARGET_NXP/TARGET_LPC13XX/serial_api.o
 .debug_info    0x00008317      0x821 ./mbed-src/targets/hal/TARGET_NXP/TARGET_LPC13XX/sleep.o
 .debug_info    0x00008b38     0x1775 ./mbed-src/targets/hal/TARGET_NXP/TARGET_LPC13XX/spi_api.o
 .debug_info    0x0000a2ad      0xaa4 ./mbed-src/targets/hal/TARGET_NXP/TARGET_LPC13XX/us_ticker.o
 .debug_info    0x0000ad51      0x29f ./mbed-src/targets/cmsis/TARGET_NXP/TARGET_LPC13XX/TOOLCHAIN_GCC_CR/cr_startup_lpc13uxx.o
 .debug_info    0x0000aff0      0x42d ./mbed-src/targets/cmsis/TARGET_NXP/TARGET_LPC13XX/cmsis_nvic.o
 .debug_info    0x0000b41d      0x61f ./mbed-src/targets/cmsis/TARGET_NXP/TARGET_LPC13XX/system_LPC13Uxx.o
 .debug_info    0x0000ba3c     0x206c ./mbed-src/common/BusIn.o
 .debug_info    0x0000daa8     0x2472 ./mbed-src/common/BusInOut.o
 .debug_info    0x0000ff1a     0x221e ./mbed-src/common/BusOut.o
 .debug_info    0x00012138     0x16a0 ./mbed-src/common/CAN.o
 .debug_info    0x000137d8      0x801 ./mbed-src/common/CallChain.o
 .debug_info    0x00013fd9     0x16a0 ./mbed-src/common/Ethernet.o
 .debug_info    0x00015679     0x1b33 ./mbed-src/common/FileBase.o
 .debug_info    0x000171ac     0x1908 ./mbed-src/common/FileLike.o
 .debug_info    0x00018ab4     0x1999 ./mbed-src/common/FilePath.o
 .debug_info    0x0001a44d     0x1fef ./mbed-src/common/FileSystemLike.o
 .debug_info    0x0001c43c      0x252 ./mbed-src/common/FunctionPointer.o
 .debug_info    0x0001c68e     0x1fb3 ./mbed-src/common/I2C.o
 .debug_info    0x0001e641     0x1de7 ./mbed-src/common/I2CSlave.o
 .debug_info    0x00020428     0x2185 ./mbed-src/common/InterruptIn.o
 .debug_info    0x000225ad      0x845 ./mbed-src/common/InterruptManager.o
 .debug_info    0x00022df2     0x16a0 ./mbed-src/common/LocalFileSystem.o
 .debug_info    0x00024492     0x1d67 ./mbed-src/common/SPI.o
 .debug_info    0x000261f9     0x1c41 ./mbed-src/common/SPISlave.o
 .debug_info    0x00027e3a     0x22fb ./mbed-src/common/Serial.o
 .debug_info    0x0002a135     0x1e65 ./mbed-src/common/Stream.o
 .debug_info    0x0002bf9a      0x4b0 ./mbed-src/common/Ticker.o
 .debug_info    0x0002c44a      0x238 ./mbed-src/common/Timeout.o
 .debug_info    0x0002c682     0x1994 ./mbed-src/common/Timer.o
 .debug_info    0x0002e016      0x374 ./mbed-src/common/TimerEvent.o
 .debug_info    0x0002e38a       0xb5 ./mbed-src/common/board.o
 .debug_info    0x0002e43f       0xc8 ./mbed-src/common/exit.o
 .debug_info    0x0002e507       0xd5 ./mbed-src/common/mbed_interface.o
 .debug_info    0x0002e5dc      0xc92 ./mbed-src/common/pinmap_common.o
 .debug_info    0x0002f26e     0x293b ./mbed-src/common/retarget.o
 .debug_info    0x00031ba9      0x14b ./mbed-src/common/rtc_time.o
 .debug_info    0x00031cf4       0xa3 ./mbed-src/common/semihost_api.o
 .debug_info    0x00031d97      0x27e ./mbed-src/common/us_ticker_api.o
 .debug_info    0x00032015      0x104 ./mbed-src/common/wait_api.o
 .debug_info    0x00032119     0x1bac ./main.o

.debug_abbrev   0x00000000     0x6ee0
 .debug_abbrev  0x00000000      0x25d ./mbed-src/targets/hal/TARGET_NXP/TARGET_LPC13XX/analogin_api.o
 .debug_abbrev  0x0000025d      0x1b0 ./mbed-src/targets/hal/TARGET_NXP/TARGET_LPC13XX/gpio_api.o
 .debug_abbrev  0x0000040d      0x1d1 ./mbed-src/targets/hal/TARGET_NXP/TARGET_LPC13XX/gpio_irq_api.o
 .debug_abbrev  0x000005de      0x2c9 ./mbed-src/targets/hal/TARGET_NXP/TARGET_LPC13XX/i2c_api.o
 .debug_abbrev  0x000008a7       0xce ./mbed-src/targets/hal/TARGET_NXP/TARGET_LPC13XX/pinmap.o
 .debug_abbrev  0x00000975      0x194 ./mbed-src/targets/hal/TARGET_NXP/TARGET_LPC13XX/port_api.o
 .debug_abbrev  0x00000b09      0x231 ./mbed-src/targets/hal/TARGET_NXP/TARGET_LPC13XX/pwmout_api.o
 .debug_abbrev  0x00000d3a      0x2de ./mbed-src/targets/hal/TARGET_NXP/TARGET_LPC13XX/serial_api.o
 .debug_abbrev  0x00001018      0x110 ./mbed-src/targets/hal/TARGET_NXP/TARGET_LPC13XX/sleep.o
 .debug_abbrev  0x00001128      0x24f ./mbed-src/targets/hal/TARGET_NXP/TARGET_LPC13XX/spi_api.o
 .debug_abbrev  0x00001377      0x1a1 ./mbed-src/targets/hal/TARGET_NXP/TARGET_LPC13XX/us_ticker.o
 .debug_abbrev  0x00001518       0xf1 ./mbed-src/targets/cmsis/TARGET_NXP/TARGET_LPC13XX/TOOLCHAIN_GCC_CR/cr_startup_lpc13uxx.o
 .debug_abbrev  0x00001609      0x129 ./mbed-src/targets/cmsis/TARGET_NXP/TARGET_LPC13XX/cmsis_nvic.o
 .debug_abbrev  0x00001732      0x10a ./mbed-src/targets/cmsis/TARGET_NXP/TARGET_LPC13XX/system_LPC13Uxx.o
 .debug_abbrev  0x0000183c      0x3be ./mbed-src/common/BusIn.o
 .debug_abbrev  0x00001bfa      0x3e0 ./mbed-src/common/BusInOut.o
 .debug_abbrev  0x00001fda      0x3e0 ./mbed-src/common/BusOut.o
 .debug_abbrev  0x000023ba      0x1e3 ./mbed-src/common/CAN.o
 .debug_abbrev  0x0000259d      0x2be ./mbed-src/common/CallChain.o
 .debug_abbrev  0x0000285b      0x1e3 ./mbed-src/common/Ethernet.o
 .debug_abbrev  0x00002a3e      0x3bf ./mbed-src/common/FileBase.o
 .debug_abbrev  0x00002dfd      0x328 ./mbed-src/common/FileLike.o
 .debug_abbrev  0x00003125      0x32b ./mbed-src/common/FilePath.o
 .debug_abbrev  0x00003450      0x3be ./mbed-src/common/FileSystemLike.o
 .debug_abbrev  0x0000380e      0x17e ./mbed-src/common/FunctionPointer.o
 .debug_abbrev  0x0000398c      0x398 ./mbed-src/common/I2C.o
 .debug_abbrev  0x00003d24      0x362 ./mbed-src/common/I2CSlave.o
 .debug_abbrev  0x00004086      0x40b ./mbed-src/common/InterruptIn.o
 .debug_abbrev  0x00004491      0x2f6 ./mbed-src/common/InterruptManager.o
 .debug_abbrev  0x00004787      0x1e3 ./mbed-src/common/LocalFileSystem.o
 .debug_abbrev  0x0000496a      0x398 ./mbed-src/common/SPI.o
 .debug_abbrev  0x00004d02      0x350 ./mbed-src/common/SPISlave.o
 .debug_abbrev  0x00005052      0x444 ./mbed-src/common/Serial.o
 .debug_abbrev  0x00005496      0x386 ./mbed-src/common/Stream.o
 .debug_abbrev  0x0000581c      0x211 ./mbed-src/common/Ticker.o
 .debug_abbrev  0x00005a2d      0x121 ./mbed-src/common/Timeout.o
 .debug_abbrev  0x00005b4e      0x2d7 ./mbed-src/common/Timer.o
 .debug_abbrev  0x00005e25      0x244 ./mbed-src/common/TimerEvent.o
 .debug_abbrev  0x00006069       0x68 ./mbed-src/common/board.o
 .debug_abbrev  0x000060d1       0x79 ./mbed-src/common/exit.o
 .debug_abbrev  0x0000614a       0x82 ./mbed-src/common/mbed_interface.o
 .debug_abbrev  0x000061cc      0x1c0 ./mbed-src/common/pinmap_common.o
 .debug_abbrev  0x0000638c      0x520 ./mbed-src/common/retarget.o
 .debug_abbrev  0x000068ac       0xb9 ./mbed-src/common/rtc_time.o
 .debug_abbrev  0x00006965       0x51 ./mbed-src/common/semihost_api.o
 .debug_abbrev  0x000069b6      0x11e ./mbed-src/common/us_ticker_api.o
 .debug_abbrev  0x00006ad4       0x85 ./mbed-src/common/wait_api.o
 .debug_abbrev  0x00006b59      0x387 ./main.o

.debug_loc      0x00000000     0x525e
 .debug_loc     0x00000000      0x188 ./mbed-src/targets/hal/TARGET_NXP/TARGET_LPC13XX/analogin_api.o
 .debug_loc     0x00000188       0xe0 ./mbed-src/targets/hal/TARGET_NXP/TARGET_LPC13XX/gpio_api.o
 .debug_loc     0x00000268      0x278 ./mbed-src/targets/hal/TARGET_NXP/TARGET_LPC13XX/gpio_irq_api.o
 .debug_loc     0x000004e0      0x508 ./mbed-src/targets/hal/TARGET_NXP/TARGET_LPC13XX/i2c_api.o
 .debug_loc     0x000009e8       0x70 ./mbed-src/targets/hal/TARGET_NXP/TARGET_LPC13XX/pinmap.o
 .debug_loc     0x00000a58      0x150 ./mbed-src/targets/hal/TARGET_NXP/TARGET_LPC13XX/port_api.o
 .debug_loc     0x00000ba8      0x230 ./mbed-src/targets/hal/TARGET_NXP/TARGET_LPC13XX/pwmout_api.o
 .debug_loc     0x00000dd8      0x3e6 ./mbed-src/targets/hal/TARGET_NXP/TARGET_LPC13XX/serial_api.o
 .debug_loc     0x000011be       0x58 ./mbed-src/targets/hal/TARGET_NXP/TARGET_LPC13XX/sleep.o
 .debug_loc     0x00001216      0x380 ./mbed-src/targets/hal/TARGET_NXP/TARGET_LPC13XX/spi_api.o
 .debug_loc     0x00001596      0x12c ./mbed-src/targets/hal/TARGET_NXP/TARGET_LPC13XX/us_ticker.o
 .debug_loc     0x000016c2      0x260 ./mbed-src/targets/cmsis/TARGET_NXP/TARGET_LPC13XX/TOOLCHAIN_GCC_CR/cr_startup_lpc13uxx.o
 .debug_loc     0x00001922       0x70 ./mbed-src/targets/cmsis/TARGET_NXP/TARGET_LPC13XX/cmsis_nvic.o
 .debug_loc     0x00001992       0x70 ./mbed-src/targets/cmsis/TARGET_NXP/TARGET_LPC13XX/system_LPC13Uxx.o
 .debug_loc     0x00001a02      0x1f8 ./mbed-src/common/BusIn.o
 .debug_loc     0x00001bfa      0x460 ./mbed-src/common/BusInOut.o
 .debug_loc     0x0000205a      0x310 ./mbed-src/common/BusOut.o
 .debug_loc     0x0000236a      0x310 ./mbed-src/common/CallChain.o
 .debug_loc     0x0000267a      0x188 ./mbed-src/common/FileBase.o
 .debug_loc     0x00002802      0x118 ./mbed-src/common/FileLike.o
 .debug_loc     0x0000291a      0x188 ./mbed-src/common/FilePath.o
 .debug_loc     0x00002aa2      0x48c ./mbed-src/common/FileSystemLike.o
 .debug_loc     0x00002f2e       0xa8 ./mbed-src/common/FunctionPointer.o
 .debug_loc     0x00002fd6      0x1f8 ./mbed-src/common/I2C.o
 .debug_loc     0x000031ce      0x1f8 ./mbed-src/common/I2CSlave.o
 .debug_loc     0x000033c6      0x310 ./mbed-src/common/InterruptIn.o
 .debug_loc     0x000036d6      0x244 ./mbed-src/common/InterruptManager.o
 .debug_loc     0x0000391a      0x118 ./mbed-src/common/SPI.o
 .debug_loc     0x00003a32      0x150 ./mbed-src/common/SPISlave.o
 .debug_loc     0x00003b82      0x310 ./mbed-src/common/Serial.o
 .debug_loc     0x00003e92      0x398 ./mbed-src/common/Stream.o
 .debug_loc     0x0000422a      0x150 ./mbed-src/common/Ticker.o
 .debug_loc     0x0000437a      0x118 ./mbed-src/common/Timeout.o
 .debug_loc     0x00004492      0x1f8 ./mbed-src/common/Timer.o
 .debug_loc     0x0000468a      0x150 ./mbed-src/common/TimerEvent.o
 .debug_loc     0x000047da       0x2c ./mbed-src/common/board.o
 .debug_loc     0x00004806       0x38 ./mbed-src/common/exit.o
 .debug_loc     0x0000483e       0x38 ./mbed-src/common/mbed_interface.o
 .debug_loc     0x00004876       0xa8 ./mbed-src/common/pinmap_common.o
 .debug_loc     0x0000491e      0x5a0 ./mbed-src/common/retarget.o
 .debug_loc     0x00004ebe       0xa8 ./mbed-src/common/rtc_time.o
 .debug_loc     0x00004f66       0xe0 ./mbed-src/common/us_ticker_api.o
 .debug_loc     0x00005046       0xa8 ./mbed-src/common/wait_api.o
 .debug_loc     0x000050ee      0x170 ./main.o

.debug_aranges  0x00000000     0x1020
 .debug_aranges
                0x00000000       0x50 ./mbed-src/targets/hal/TARGET_NXP/TARGET_LPC13XX/analogin_api.o
 .debug_aranges
                0x00000050       0x38 ./mbed-src/targets/hal/TARGET_NXP/TARGET_LPC13XX/gpio_api.o
 .debug_aranges
                0x00000088       0x80 ./mbed-src/targets/hal/TARGET_NXP/TARGET_LPC13XX/gpio_irq_api.o
 .debug_aranges
                0x00000108       0xd0 ./mbed-src/targets/hal/TARGET_NXP/TARGET_LPC13XX/i2c_api.o
 .debug_aranges
                0x000001d8       0x28 ./mbed-src/targets/hal/TARGET_NXP/TARGET_LPC13XX/pinmap.o
 .debug_aranges
                0x00000200       0x48 ./mbed-src/targets/hal/TARGET_NXP/TARGET_LPC13XX/port_api.o
 .debug_aranges
                0x00000248       0x68 ./mbed-src/targets/hal/TARGET_NXP/TARGET_LPC13XX/pwmout_api.o
 .debug_aranges
                0x000002b0       0xa8 ./mbed-src/targets/hal/TARGET_NXP/TARGET_LPC13XX/serial_api.o
 .debug_aranges
                0x00000358       0x28 ./mbed-src/targets/hal/TARGET_NXP/TARGET_LPC13XX/sleep.o
 .debug_aranges
                0x00000380       0x98 ./mbed-src/targets/hal/TARGET_NXP/TARGET_LPC13XX/spi_api.o
 .debug_aranges
                0x00000418       0x48 ./mbed-src/targets/hal/TARGET_NXP/TARGET_LPC13XX/us_ticker.o
 .debug_aranges
                0x00000460       0x80 ./mbed-src/targets/cmsis/TARGET_NXP/TARGET_LPC13XX/TOOLCHAIN_GCC_CR/cr_startup_lpc13uxx.o
 .debug_aranges
                0x000004e0       0x28 ./mbed-src/targets/cmsis/TARGET_NXP/TARGET_LPC13XX/cmsis_nvic.o
 .debug_aranges
                0x00000508       0x28 ./mbed-src/targets/cmsis/TARGET_NXP/TARGET_LPC13XX/system_LPC13Uxx.o
 .debug_aranges
                0x00000530       0x60 ./mbed-src/common/BusIn.o
 .debug_aranges
                0x00000590       0xb8 ./mbed-src/common/BusInOut.o
 .debug_aranges
                0x00000648       0x88 ./mbed-src/common/BusOut.o
 .debug_aranges
                0x000006d0       0x88 ./mbed-src/common/CallChain.o
 .debug_aranges
                0x00000758       0x50 ./mbed-src/common/FileBase.o
 .debug_aranges
                0x000007a8       0x40 ./mbed-src/common/FileLike.o
 .debug_aranges
                0x000007e8       0x50 ./mbed-src/common/FilePath.o
 .debug_aranges
                0x00000838       0xc0 ./mbed-src/common/FileSystemLike.o
 .debug_aranges
                0x000008f8       0x30 ./mbed-src/common/FunctionPointer.o
 .debug_aranges
                0x00000928       0x60 ./mbed-src/common/I2C.o
 .debug_aranges
                0x00000988       0x60 ./mbed-src/common/I2CSlave.o
 .debug_aranges
                0x000009e8       0x88 ./mbed-src/common/InterruptIn.o
 .debug_aranges
                0x00000a70       0x70 ./mbed-src/common/InterruptManager.o
 .debug_aranges
                0x00000ae0       0x40 ./mbed-src/common/SPI.o
 .debug_aranges
                0x00000b20       0x48 ./mbed-src/common/SPISlave.o
 .debug_aranges
                0x00000b68       0x88 ./mbed-src/common/Serial.o
 .debug_aranges
                0x00000bf0       0x98 ./mbed-src/common/Stream.o
 .debug_aranges
                0x00000c88       0x48 ./mbed-src/common/Ticker.o
 .debug_aranges
                0x00000cd0       0x40 ./mbed-src/common/Timeout.o
 .debug_aranges
                0x00000d10       0x60 ./mbed-src/common/Timer.o
 .debug_aranges
                0x00000d70       0x48 ./mbed-src/common/TimerEvent.o
 .debug_aranges
                0x00000db8       0x20 ./mbed-src/common/board.o
 .debug_aranges
                0x00000dd8       0x20 ./mbed-src/common/exit.o
 .debug_aranges
                0x00000df8       0x20 ./mbed-src/common/mbed_interface.o
 .debug_aranges
                0x00000e18       0x30 ./mbed-src/common/pinmap_common.o
 .debug_aranges
                0x00000e48       0xf0 ./mbed-src/common/retarget.o
 .debug_aranges
                0x00000f38       0x30 ./mbed-src/common/rtc_time.o
 .debug_aranges
                0x00000f68       0x38 ./mbed-src/common/us_ticker_api.o
 .debug_aranges
                0x00000fa0       0x30 ./mbed-src/common/wait_api.o
 .debug_aranges
                0x00000fd0       0x50 ./main.o

.debug_ranges   0x00000000      0xd90
 .debug_ranges  0x00000000       0x40 ./mbed-src/targets/hal/TARGET_NXP/TARGET_LPC13XX/analogin_api.o
 .debug_ranges  0x00000040       0x28 ./mbed-src/targets/hal/TARGET_NXP/TARGET_LPC13XX/gpio_api.o
 .debug_ranges  0x00000068       0x70 ./mbed-src/targets/hal/TARGET_NXP/TARGET_LPC13XX/gpio_irq_api.o
 .debug_ranges  0x000000d8       0xc0 ./mbed-src/targets/hal/TARGET_NXP/TARGET_LPC13XX/i2c_api.o
 .debug_ranges  0x00000198       0x18 ./mbed-src/targets/hal/TARGET_NXP/TARGET_LPC13XX/pinmap.o
 .debug_ranges  0x000001b0       0x38 ./mbed-src/targets/hal/TARGET_NXP/TARGET_LPC13XX/port_api.o
 .debug_ranges  0x000001e8       0x58 ./mbed-src/targets/hal/TARGET_NXP/TARGET_LPC13XX/pwmout_api.o
 .debug_ranges  0x00000240       0x98 ./mbed-src/targets/hal/TARGET_NXP/TARGET_LPC13XX/serial_api.o
 .debug_ranges  0x000002d8       0x18 ./mbed-src/targets/hal/TARGET_NXP/TARGET_LPC13XX/sleep.o
 .debug_ranges  0x000002f0       0x88 ./mbed-src/targets/hal/TARGET_NXP/TARGET_LPC13XX/spi_api.o
 .debug_ranges  0x00000378       0x38 ./mbed-src/targets/hal/TARGET_NXP/TARGET_LPC13XX/us_ticker.o
 .debug_ranges  0x000003b0       0x70 ./mbed-src/targets/cmsis/TARGET_NXP/TARGET_LPC13XX/TOOLCHAIN_GCC_CR/cr_startup_lpc13uxx.o
 .debug_ranges  0x00000420       0x18 ./mbed-src/targets/cmsis/TARGET_NXP/TARGET_LPC13XX/cmsis_nvic.o
 .debug_ranges  0x00000438       0x18 ./mbed-src/targets/cmsis/TARGET_NXP/TARGET_LPC13XX/system_LPC13Uxx.o
 .debug_ranges  0x00000450       0x50 ./mbed-src/common/BusIn.o
 .debug_ranges  0x000004a0       0xa8 ./mbed-src/common/BusInOut.o
 .debug_ranges  0x00000548       0x78 ./mbed-src/common/BusOut.o
 .debug_ranges  0x000005c0       0x78 ./mbed-src/common/CallChain.o
 .debug_ranges  0x00000638       0x40 ./mbed-src/common/FileBase.o
 .debug_ranges  0x00000678       0x30 ./mbed-src/common/FileLike.o
 .debug_ranges  0x000006a8       0x58 ./mbed-src/common/FilePath.o
 .debug_ranges  0x00000700       0xb0 ./mbed-src/common/FileSystemLike.o
 .debug_ranges  0x000007b0       0x20 ./mbed-src/common/FunctionPointer.o
 .debug_ranges  0x000007d0       0x50 ./mbed-src/common/I2C.o
 .debug_ranges  0x00000820       0x50 ./mbed-src/common/I2CSlave.o
 .debug_ranges  0x00000870       0x78 ./mbed-src/common/InterruptIn.o
 .debug_ranges  0x000008e8       0x60 ./mbed-src/common/InterruptManager.o
 .debug_ranges  0x00000948       0x30 ./mbed-src/common/SPI.o
 .debug_ranges  0x00000978       0x38 ./mbed-src/common/SPISlave.o
 .debug_ranges  0x000009b0       0x78 ./mbed-src/common/Serial.o
 .debug_ranges  0x00000a28       0xa0 ./mbed-src/common/Stream.o
 .debug_ranges  0x00000ac8       0x38 ./mbed-src/common/Ticker.o
 .debug_ranges  0x00000b00       0x30 ./mbed-src/common/Timeout.o
 .debug_ranges  0x00000b30       0x50 ./mbed-src/common/Timer.o
 .debug_ranges  0x00000b80       0x38 ./mbed-src/common/TimerEvent.o
 .debug_ranges  0x00000bb8       0x10 ./mbed-src/common/board.o
 .debug_ranges  0x00000bc8       0x10 ./mbed-src/common/exit.o
 .debug_ranges  0x00000bd8       0x10 ./mbed-src/common/mbed_interface.o
 .debug_ranges  0x00000be8       0x20 ./mbed-src/common/pinmap_common.o
 .debug_ranges  0x00000c08       0xe0 ./mbed-src/common/retarget.o
 .debug_ranges  0x00000ce8       0x20 ./mbed-src/common/rtc_time.o
 .debug_ranges  0x00000d08       0x28 ./mbed-src/common/us_ticker_api.o
 .debug_ranges  0x00000d30       0x20 ./mbed-src/common/wait_api.o
 .debug_ranges  0x00000d50       0x40 ./main.o

.debug_line     0x00000000    0x1d106
 .debug_line    0x00000000      0x9d8 ./mbed-src/targets/hal/TARGET_NXP/TARGET_LPC13XX/analogin_api.o
 .debug_line    0x000009d8      0x542 ./mbed-src/targets/hal/TARGET_NXP/TARGET_LPC13XX/gpio_api.o
 .debug_line    0x00000f1a      0xa67 ./mbed-src/targets/hal/TARGET_NXP/TARGET_LPC13XX/gpio_irq_api.o
 .debug_line    0x00001981      0xb7b ./mbed-src/targets/hal/TARGET_NXP/TARGET_LPC13XX/i2c_api.o
 .debug_line    0x000024fc      0x93a ./mbed-src/targets/hal/TARGET_NXP/TARGET_LPC13XX/pinmap.o
 .debug_line    0x00002e36      0x559 ./mbed-src/targets/hal/TARGET_NXP/TARGET_LPC13XX/port_api.o
 .debug_line    0x0000338f      0xa05 ./mbed-src/targets/hal/TARGET_NXP/TARGET_LPC13XX/pwmout_api.o
 .debug_line    0x00003d94      0xb41 ./mbed-src/targets/hal/TARGET_NXP/TARGET_LPC13XX/serial_api.o
 .debug_line    0x000048d5      0x55c ./mbed-src/targets/hal/TARGET_NXP/TARGET_LPC13XX/sleep.o
 .debug_line    0x00004e31      0xabe ./mbed-src/targets/hal/TARGET_NXP/TARGET_LPC13XX/spi_api.o
 .debug_line    0x000058ef      0x4a1 ./mbed-src/targets/hal/TARGET_NXP/TARGET_LPC13XX/us_ticker.o
 .debug_line    0x00005d90      0x119 ./mbed-src/targets/cmsis/TARGET_NXP/TARGET_LPC13XX/TOOLCHAIN_GCC_CR/cr_startup_lpc13uxx.o
 .debug_line    0x00005ea9      0x351 ./mbed-src/targets/cmsis/TARGET_NXP/TARGET_LPC13XX/cmsis_nvic.o
 .debug_line    0x000061fa      0x396 ./mbed-src/targets/cmsis/TARGET_NXP/TARGET_LPC13XX/system_LPC13Uxx.o
 .debug_line    0x00006590      0xd45 ./mbed-src/common/BusIn.o
 .debug_line    0x000072d5      0xe50 ./mbed-src/common/BusInOut.o
 .debug_line    0x00008125      0xdb6 ./mbed-src/common/BusOut.o
 .debug_line    0x00008edb      0xbb5 ./mbed-src/common/CAN.o
 .debug_line    0x00009a90      0x91e ./mbed-src/common/CallChain.o
 .debug_line    0x0000a3ae      0xbbf ./mbed-src/common/Ethernet.o
 .debug_line    0x0000af6d      0xd25 ./mbed-src/common/FileBase.o
 .debug_line    0x0000bc92      0xce6 ./mbed-src/common/FileLike.o
 .debug_line    0x0000c978      0xd4f ./mbed-src/common/FilePath.o
 .debug_line    0x0000d6c7      0xe49 ./mbed-src/common/FileSystemLike.o
 .debug_line    0x0000e510      0x5ea ./mbed-src/common/FunctionPointer.o
 .debug_line    0x0000eafa      0xcfa ./mbed-src/common/I2C.o
 .debug_line    0x0000f7f4      0xcbb ./mbed-src/common/I2CSlave.o
 .debug_line    0x000104af      0xe06 ./mbed-src/common/InterruptIn.o
 .debug_line    0x000112b5      0x88d ./mbed-src/common/InterruptManager.o
 .debug_line    0x00011b42      0xbcd ./mbed-src/common/LocalFileSystem.o
 .debug_line    0x0001270f      0xc79 ./mbed-src/common/SPI.o
 .debug_line    0x00013388      0xc8d ./mbed-src/common/SPISlave.o
 .debug_line    0x00014015      0xe97 ./mbed-src/common/Serial.o
 .debug_line    0x00014eac      0xddb ./mbed-src/common/Stream.o
 .debug_line    0x00015c87      0x6f1 ./mbed-src/common/Ticker.o
 .debug_line    0x00016378      0x6e9 ./mbed-src/common/Timeout.o
 .debug_line    0x00016a61      0xcbd ./mbed-src/common/Timer.o
 .debug_line    0x0001771e      0x4c3 ./mbed-src/common/TimerEvent.o
 .debug_line    0x00017be1      0x52c ./mbed-src/common/board.o
 .debug_line    0x0001810d      0x4d6 ./mbed-src/common/exit.o
 .debug_line    0x000185e3      0x92f ./mbed-src/common/mbed_interface.o
 .debug_line    0x00018f12      0x93d ./mbed-src/common/pinmap_common.o
 .debug_line    0x0001984f     0x1076 ./mbed-src/common/retarget.o
 .debug_line    0x0001a8c5      0x8b5 ./mbed-src/common/rtc_time.o
 .debug_line    0x0001b17a      0x7fe ./mbed-src/common/semihost_api.o
 .debug_line    0x0001b978      0x491 ./mbed-src/common/us_ticker_api.o
 .debug_line    0x0001be09      0x32a ./mbed-src/common/wait_api.o
 .debug_line    0x0001c133      0xfd3 ./main.o

.debug_macinfo  0x00000000   0x1e5b5d
 .debug_macinfo
                0x00000000     0xab6f ./mbed-src/targets/hal/TARGET_NXP/TARGET_LPC13XX/analogin_api.o
 .debug_macinfo
                0x0000ab6f     0x7d0f ./mbed-src/targets/hal/TARGET_NXP/TARGET_LPC13XX/gpio_api.o
 .debug_macinfo
                0x0001287e     0xac54 ./mbed-src/targets/hal/TARGET_NXP/TARGET_LPC13XX/gpio_irq_api.o
 .debug_macinfo
                0x0001d4d2     0xab7e ./mbed-src/targets/hal/TARGET_NXP/TARGET_LPC13XX/i2c_api.o
 .debug_macinfo
                0x00028050     0xaaed ./mbed-src/targets/hal/TARGET_NXP/TARGET_LPC13XX/pinmap.o
 .debug_macinfo
                0x00032b3d     0x7d25 ./mbed-src/targets/hal/TARGET_NXP/TARGET_LPC13XX/port_api.o
 .debug_macinfo
                0x0003a862     0xaae8 ./mbed-src/targets/hal/TARGET_NXP/TARGET_LPC13XX/pwmout_api.o
 .debug_macinfo
                0x0004534a     0xb678 ./mbed-src/targets/hal/TARGET_NXP/TARGET_LPC13XX/serial_api.o
 .debug_macinfo
                0x000509c2     0x7ead ./mbed-src/targets/hal/TARGET_NXP/TARGET_LPC13XX/sleep.o
 .debug_macinfo
                0x0005886f     0xb58d ./mbed-src/targets/hal/TARGET_NXP/TARGET_LPC13XX/spi_api.o
 .debug_macinfo
                0x00063dfc     0x7eac ./mbed-src/targets/hal/TARGET_NXP/TARGET_LPC13XX/us_ticker.o
 .debug_macinfo
                0x0006bca8     0x23c3 ./mbed-src/targets/cmsis/TARGET_NXP/TARGET_LPC13XX/TOOLCHAIN_GCC_CR/cr_startup_lpc13uxx.o
 .debug_macinfo
                0x0006e06b     0x7a8b ./mbed-src/targets/cmsis/TARGET_NXP/TARGET_LPC13XX/cmsis_nvic.o
 .debug_macinfo
                0x00075af6     0x7cee ./mbed-src/targets/cmsis/TARGET_NXP/TARGET_LPC13XX/system_LPC13Uxx.o
 .debug_macinfo
                0x0007d7e4     0xc285 ./mbed-src/common/BusIn.o
 .debug_macinfo
                0x00089a69     0xc28b ./mbed-src/common/BusInOut.o
 .debug_macinfo
                0x00095cf4     0xc287 ./mbed-src/common/BusOut.o
 .debug_macinfo
                0x000a1f7b     0xc254 ./mbed-src/common/CAN.o
 .debug_macinfo
                0x000ae1cf     0x98de ./mbed-src/common/CallChain.o
 .debug_macinfo
                0x000b7aad     0xc259 ./mbed-src/common/Ethernet.o
 .debug_macinfo
                0x000c3d06     0xce18 ./mbed-src/common/FileBase.o
 .debug_macinfo
                0x000d0b1e     0xce48 ./mbed-src/common/FileLike.o
 .debug_macinfo
                0x000dd966     0xcf95 ./mbed-src/common/FilePath.o
 .debug_macinfo
                0x000ea8fb     0xcf67 ./mbed-src/common/FileSystemLike.o
 .debug_macinfo
                0x000f7862     0x41a4 ./mbed-src/common/FunctionPointer.o
 .debug_macinfo
                0x000fba06     0xc26a ./mbed-src/common/I2C.o
 .debug_macinfo
                0x00107c70     0xc270 ./mbed-src/common/I2CSlave.o
 .debug_macinfo
                0x00113ee0     0xc2c4 ./mbed-src/common/InterruptIn.o
 .debug_macinfo
                0x001201a4     0x9914 ./mbed-src/common/InterruptManager.o
 .debug_macinfo
                0x00129ab8     0xc260 ./mbed-src/common/LocalFileSystem.o
 .debug_macinfo
                0x00135d18     0xc26a ./mbed-src/common/SPI.o
 .debug_macinfo
                0x00141f82     0xc26f ./mbed-src/common/SPISlave.o
 .debug_macinfo
                0x0014e1f1     0xcfd9 ./mbed-src/common/Serial.o
 .debug_macinfo
                0x0015b1ca     0xd0d9 ./mbed-src/common/Stream.o
 .debug_macinfo
                0x001682a3     0x4b14 ./mbed-src/common/Ticker.o
 .debug_macinfo
                0x0016cdb7     0x4b22 ./mbed-src/common/Timeout.o
 .debug_macinfo
                0x001718d9     0xc272 ./mbed-src/common/Timer.o
 .debug_macinfo
                0x0017db4b     0x7e5b ./mbed-src/common/TimerEvent.o
 .debug_macinfo
                0x001859a6     0x7d63 ./mbed-src/common/board.o
 .debug_macinfo
                0x0018d709     0x7f02 ./mbed-src/common/exit.o
 .debug_macinfo
                0x0019560b     0xad3e ./mbed-src/common/mbed_interface.o
 .debug_macinfo
                0x001a0349     0xaaa0 ./mbed-src/common/pinmap_common.o
 .debug_macinfo
                0x001aade9     0xe694 ./mbed-src/common/retarget.o
 .debug_macinfo
                0x001b947d     0xa1d1 ./mbed-src/common/rtc_time.o
 .debug_macinfo
                0x001c364e     0x9b35 ./mbed-src/common/semihost_api.o
 .debug_macinfo
                0x001cd183     0x7df0 ./mbed-src/common/us_ticker_api.o
 .debug_macinfo
                0x001d4f73     0x2c53 ./mbed-src/common/wait_api.o
 .debug_macinfo
                0x001d7bc6     0xdf97 ./main.o

.debug_str      0x00000000     0x4413
 .debug_str     0x00000000      0xb5a ./mbed-src/targets/hal/TARGET_NXP/TARGET_LPC13XX/analogin_api.o
                                0xc24 (size before relaxing)
 .debug_str     0x00000b5a       0xf7 ./mbed-src/targets/hal/TARGET_NXP/TARGET_LPC13XX/gpio_api.o
                                0x3b1 (size before relaxing)
 .debug_str     0x00000c51      0x1b6 ./mbed-src/targets/hal/TARGET_NXP/TARGET_LPC13XX/gpio_irq_api.o
                                0x909 (size before relaxing)
 .debug_str     0x00000e07      0x27a ./mbed-src/targets/hal/TARGET_NXP/TARGET_LPC13XX/i2c_api.o
                                0xdb3 (size before relaxing)
 .debug_str     0x00001081       0x57 ./mbed-src/targets/hal/TARGET_NXP/TARGET_LPC13XX/pinmap.o
                                0x2f2 (size before relaxing)
 .debug_str     0x000010d8       0xaa ./mbed-src/targets/hal/TARGET_NXP/TARGET_LPC13XX/port_api.o
                                0x3d6 (size before relaxing)
 .debug_str     0x00001182      0x1be ./mbed-src/targets/hal/TARGET_NXP/TARGET_LPC13XX/pwmout_api.o
                                0xcb5 (size before relaxing)
 .debug_str     0x00001340      0x2e0 ./mbed-src/targets/hal/TARGET_NXP/TARGET_LPC13XX/serial_api.o
                                0xeb2 (size before relaxing)
 .debug_str     0x00001620       0xd9 ./mbed-src/targets/hal/TARGET_NXP/TARGET_LPC13XX/sleep.o
                                0x499 (size before relaxing)
 .debug_str     0x000016f9      0x1cd ./mbed-src/targets/hal/TARGET_NXP/TARGET_LPC13XX/spi_api.o
                                0xcf9 (size before relaxing)
 .debug_str     0x000018c6       0xde ./mbed-src/targets/hal/TARGET_NXP/TARGET_LPC13XX/us_ticker.o
                                0x72d (size before relaxing)
 .debug_str     0x000019a4      0x221 ./mbed-src/targets/cmsis/TARGET_NXP/TARGET_LPC13XX/TOOLCHAIN_GCC_CR/cr_startup_lpc13uxx.o
                                0x280 (size before relaxing)
 .debug_str     0x00001bc5       0x6b ./mbed-src/targets/cmsis/TARGET_NXP/TARGET_LPC13XX/cmsis_nvic.o
                                0x44d (size before relaxing)
 .debug_str     0x00001c30       0x75 ./mbed-src/targets/cmsis/TARGET_NXP/TARGET_LPC13XX/system_LPC13Uxx.o
                                0x437 (size before relaxing)
 .debug_str     0x00001ca5      0x362 ./mbed-src/common/BusIn.o
                                0xc9d (size before relaxing)
 .debug_str     0x00002007      0x240 ./mbed-src/common/BusInOut.o
                                0xe57 (size before relaxing)
 .debug_str     0x00002247      0x135 ./mbed-src/common/BusOut.o
                                0xcfb (size before relaxing)
 .debug_str     0x0000237c       0x1b ./mbed-src/common/CAN.o
                                0x7d7 (size before relaxing)
 .debug_str     0x00002397      0x312 ./mbed-src/common/CallChain.o
                                0x4b1 (size before relaxing)
 .debug_str     0x000026a9       0x20 ./mbed-src/common/Ethernet.o
                                0x7dc (size before relaxing)
 .debug_str     0x000026c9      0x122 ./mbed-src/common/FileBase.o
                                0xb5b (size before relaxing)
 .debug_str     0x000027eb       0x52 ./mbed-src/common/FileLike.o
                                0x84a (size before relaxing)
 .debug_str     0x0000283d      0x126 ./mbed-src/common/FilePath.o
                                0x937 (size before relaxing)
 .debug_str     0x00002963      0x2f5 ./mbed-src/common/FileSystemLike.o
                                0xb33 (size before relaxing)
 .debug_str     0x00002c58       0x27 ./mbed-src/common/FunctionPointer.o
                                0x227 (size before relaxing)
 .debug_str     0x00002c7f      0x116 ./mbed-src/common/I2C.o
                                0xcef (size before relaxing)
 .debug_str     0x00002d95      0x103 ./mbed-src/common/I2CSlave.o
                                0xab6 (size before relaxing)
 .debug_str     0x00002e98      0x333 ./mbed-src/common/InterruptIn.o
                                0xe49 (size before relaxing)
 .debug_str     0x000031cb      0x364 ./mbed-src/common/InterruptManager.o
                                0x830 (size before relaxing)
 .debug_str     0x0000352f       0x27 ./mbed-src/common/LocalFileSystem.o
                                0x7e3 (size before relaxing)
 .debug_str     0x00003556       0xaa ./mbed-src/common/SPI.o
                                0xc54 (size before relaxing)
 .debug_str     0x00003600       0xb8 ./mbed-src/common/SPISlave.o
                                0xa29 (size before relaxing)
 .debug_str     0x000036b8      0x264 ./mbed-src/common/Serial.o
                                0xe48 (size before relaxing)
 .debug_str     0x0000391c      0x1e3 ./mbed-src/common/Stream.o
                                0xa39 (size before relaxing)
 .debug_str     0x00003aff      0x1c4 ./mbed-src/common/Ticker.o
                                0x419 (size before relaxing)
 .debug_str     0x00003cc3       0x43 ./mbed-src/common/Timeout.o
                                0x1a1 (size before relaxing)
 .debug_str     0x00003d06      0x110 ./mbed-src/common/Timer.o
                                0x8ff (size before relaxing)
 .debug_str     0x00003e16       0xe6 ./mbed-src/common/TimerEvent.o
                                0x272 (size before relaxing)
 .debug_str     0x00003efc       0x24 ./mbed-src/common/board.o
                                0x152 (size before relaxing)
 .debug_str     0x00003f20       0x26 ./mbed-src/common/exit.o
                                0x159 (size before relaxing)
 .debug_str     0x00003f46       0x35 ./mbed-src/common/mbed_interface.o
                                0x168 (size before relaxing)
 .debug_str     0x00003f7b       0x50 ./mbed-src/common/pinmap_common.o
                                0x6a0 (size before relaxing)
 .debug_str     0x00003fcb      0x2c2 ./mbed-src/common/retarget.o
                               0x119b (size before relaxing)
 .debug_str     0x0000428d       0x35 ./mbed-src/common/rtc_time.o
                                0x17a (size before relaxing)
 .debug_str     0x000042c2       0x22 ./mbed-src/common/semihost_api.o
                                0x155 (size before relaxing)
 .debug_str     0x000042e4       0x97 ./mbed-src/common/us_ticker_api.o
                                0x231 (size before relaxing)
 .debug_str     0x0000437b       0x33 ./mbed-src/common/wait_api.o
                                0x161 (size before relaxing)
 .debug_str     0x000043ae       0x65 ./main.o
                                0xa6f (size before relaxing)

.comment        0x00000000       0x70
 .comment       0x00000000       0x70 ./mbed-src/targets/hal/TARGET_NXP/TARGET_LPC13XX/analogin_api.o
                                 0x71 (size before relaxing)
 .comment       0x00000000       0x71 ./mbed-src/targets/hal/TARGET_NXP/TARGET_LPC13XX/gpio_api.o
 .comment       0x00000000       0x71 ./mbed-src/targets/hal/TARGET_NXP/TARGET_LPC13XX/gpio_irq_api.o
 .comment       0x00000000       0x71 ./mbed-src/targets/hal/TARGET_NXP/TARGET_LPC13XX/i2c_api.o
 .comment       0x00000000       0x71 ./mbed-src/targets/hal/TARGET_NXP/TARGET_LPC13XX/pinmap.o
 .comment       0x00000000       0x71 ./mbed-src/targets/hal/TARGET_NXP/TARGET_LPC13XX/port_api.o
 .comment       0x00000000       0x71 ./mbed-src/targets/hal/TARGET_NXP/TARGET_LPC13XX/pwmout_api.o
 .comment       0x00000000       0x71 ./mbed-src/targets/hal/TARGET_NXP/TARGET_LPC13XX/serial_api.o
 .comment       0x00000000       0x71 ./mbed-src/targets/hal/TARGET_NXP/TARGET_LPC13XX/sleep.o
 .comment       0x00000000       0x71 ./mbed-src/targets/hal/TARGET_NXP/TARGET_LPC13XX/spi_api.o
 .comment       0x00000000       0x71 ./mbed-src/targets/hal/TARGET_NXP/TARGET_LPC13XX/us_ticker.o
 .comment       0x00000000       0x71 ./mbed-src/targets/cmsis/TARGET_NXP/TARGET_LPC13XX/TOOLCHAIN_GCC_CR/cr_startup_lpc13uxx.o
 .comment       0x00000000       0x71 ./mbed-src/targets/cmsis/TARGET_NXP/TARGET_LPC13XX/cmsis_nvic.o
 .comment       0x00000000       0x71 ./mbed-src/targets/cmsis/TARGET_NXP/TARGET_LPC13XX/system_LPC13Uxx.o
 .comment       0x00000000       0x71 ./mbed-src/common/BusIn.o
 .comment       0x00000000       0x71 ./mbed-src/common/BusInOut.o
 .comment       0x00000000       0x71 ./mbed-src/common/BusOut.o
 .comment       0x00000000       0x71 ./mbed-src/common/CAN.o
 .comment       0x00000000       0x71 ./mbed-src/common/CallChain.o
 .comment       0x00000000       0x71 ./mbed-src/common/Ethernet.o
 .comment       0x00000000       0x71 ./mbed-src/common/FileBase.o
 .comment       0x00000000       0x71 ./mbed-src/common/FileLike.o
 .comment       0x00000000       0x71 ./mbed-src/common/FilePath.o
 .comment       0x00000000       0x71 ./mbed-src/common/FileSystemLike.o
 .comment       0x00000000       0x71 ./mbed-src/common/FunctionPointer.o
 .comment       0x00000000       0x71 ./mbed-src/common/I2C.o
 .comment       0x00000000       0x71 ./mbed-src/common/I2CSlave.o
 .comment       0x00000000       0x71 ./mbed-src/common/InterruptIn.o
 .comment       0x00000000       0x71 ./mbed-src/common/InterruptManager.o
 .comment       0x00000000       0x71 ./mbed-src/common/LocalFileSystem.o
 .comment       0x00000000       0x71 ./mbed-src/common/SPI.o
 .comment       0x00000000       0x71 ./mbed-src/common/SPISlave.o
 .comment       0x00000000       0x71 ./mbed-src/common/Serial.o
 .comment       0x00000000       0x71 ./mbed-src/common/Stream.o
 .comment       0x00000000       0x71 ./mbed-src/common/Ticker.o
 .comment       0x00000000       0x71 ./mbed-src/common/Timeout.o
 .comment       0x00000000       0x71 ./mbed-src/common/Timer.o
 .comment       0x00000000       0x71 ./mbed-src/common/TimerEvent.o
 .comment       0x00000000       0x71 ./mbed-src/common/board.o
 .comment       0x00000000       0x71 ./mbed-src/common/exit.o
 .comment       0x00000000       0x71 ./mbed-src/common/mbed_interface.o
 .comment       0x00000000       0x71 ./mbed-src/common/pinmap_common.o
 .comment       0x00000000       0x71 ./mbed-src/common/retarget.o
 .comment       0x00000000       0x71 ./mbed-src/common/rtc_time.o
 .comment       0x00000000       0x71 ./mbed-src/common/semihost_api.o
 .comment       0x00000000       0x71 ./mbed-src/common/us_ticker_api.o
 .comment       0x00000000       0x71 ./mbed-src/common/wait_api.o
 .comment       0x00000000       0x71 ./main.o

.ARM.attributes
                0x00000000       0x33
 .ARM.attributes
                0x00000000       0x33 ./mbed-src/targets/hal/TARGET_NXP/TARGET_LPC13XX/analogin_api.o
 .ARM.attributes
                0x00000033       0x33 ./mbed-src/targets/hal/TARGET_NXP/TARGET_LPC13XX/gpio_api.o
 .ARM.attributes
                0x00000066       0x33 ./mbed-src/targets/hal/TARGET_NXP/TARGET_LPC13XX/gpio_irq_api.o
 .ARM.attributes
                0x00000099       0x33 ./mbed-src/targets/hal/TARGET_NXP/TARGET_LPC13XX/i2c_api.o
 .ARM.attributes
                0x000000cc       0x33 ./mbed-src/targets/hal/TARGET_NXP/TARGET_LPC13XX/pinmap.o
 .ARM.attributes
                0x000000ff       0x33 ./mbed-src/targets/hal/TARGET_NXP/TARGET_LPC13XX/port_api.o
 .ARM.attributes
                0x00000132       0x33 ./mbed-src/targets/hal/TARGET_NXP/TARGET_LPC13XX/pwmout_api.o
 .ARM.attributes
                0x00000165       0x33 ./mbed-src/targets/hal/TARGET_NXP/TARGET_LPC13XX/serial_api.o
 .ARM.attributes
                0x00000198       0x33 ./mbed-src/targets/hal/TARGET_NXP/TARGET_LPC13XX/sleep.o
 .ARM.attributes
                0x000001cb       0x33 ./mbed-src/targets/hal/TARGET_NXP/TARGET_LPC13XX/spi_api.o
 .ARM.attributes
                0x000001fe       0x33 ./mbed-src/targets/hal/TARGET_NXP/TARGET_LPC13XX/us_ticker.o
 .ARM.attributes
                0x00000231       0x33 ./mbed-src/targets/cmsis/TARGET_NXP/TARGET_LPC13XX/TOOLCHAIN_GCC_CR/cr_startup_lpc13uxx.o
 .ARM.attributes
                0x00000264       0x33 ./mbed-src/targets/cmsis/TARGET_NXP/TARGET_LPC13XX/cmsis_nvic.o
 .ARM.attributes
                0x00000297       0x33 ./mbed-src/targets/cmsis/TARGET_NXP/TARGET_LPC13XX/system_LPC13Uxx.o
 .ARM.attributes
                0x000002ca       0x33 ./mbed-src/common/BusIn.o
 .ARM.attributes
                0x000002fd       0x33 ./mbed-src/common/BusInOut.o
 .ARM.attributes
                0x00000330       0x33 ./mbed-src/common/BusOut.o
 .ARM.attributes
                0x00000363       0x33 ./mbed-src/common/CAN.o
 .ARM.attributes
                0x00000396       0x33 ./mbed-src/common/CallChain.o
 .ARM.attributes
                0x000003c9       0x33 ./mbed-src/common/Ethernet.o
 .ARM.attributes
                0x000003fc       0x33 ./mbed-src/common/FileBase.o
 .ARM.attributes
                0x0000042f       0x33 ./mbed-src/common/FileLike.o
 .ARM.attributes
                0x00000462       0x33 ./mbed-src/common/FilePath.o
 .ARM.attributes
                0x00000495       0x33 ./mbed-src/common/FileSystemLike.o
 .ARM.attributes
                0x000004c8       0x33 ./mbed-src/common/FunctionPointer.o
 .ARM.attributes
                0x000004fb       0x33 ./mbed-src/common/I2C.o
 .ARM.attributes
                0x0000052e       0x33 ./mbed-src/common/I2CSlave.o
 .ARM.attributes
                0x00000561       0x33 ./mbed-src/common/InterruptIn.o
 .ARM.attributes
                0x00000594       0x33 ./mbed-src/common/InterruptManager.o
 .ARM.attributes
                0x000005c7       0x33 ./mbed-src/common/LocalFileSystem.o
 .ARM.attributes
                0x000005fa       0x33 ./mbed-src/common/SPI.o
 .ARM.attributes
                0x0000062d       0x33 ./mbed-src/common/SPISlave.o
 .ARM.attributes
                0x00000660       0x33 ./mbed-src/common/Serial.o
 .ARM.attributes
                0x00000693       0x33 ./mbed-src/common/Stream.o
 .ARM.attributes
                0x000006c6       0x33 ./mbed-src/common/Ticker.o
 .ARM.attributes
                0x000006f9       0x33 ./mbed-src/common/Timeout.o
 .ARM.attributes
                0x0000072c       0x33 ./mbed-src/common/Timer.o
 .ARM.attributes
                0x0000075f       0x33 ./mbed-src/common/TimerEvent.o
 .ARM.attributes
                0x00000792       0x33 ./mbed-src/common/board.o
 .ARM.attributes
                0x000007c5       0x33 ./mbed-src/common/exit.o
 .ARM.attributes
                0x000007f8       0x33 ./mbed-src/common/mbed_interface.o
 .ARM.attributes
                0x0000082b       0x33 ./mbed-src/common/pinmap_common.o
 .ARM.attributes
                0x0000085e       0x33 ./mbed-src/common/retarget.o
 .ARM.attributes
                0x00000891       0x33 ./mbed-src/common/rtc_time.o
 .ARM.attributes
                0x000008c4       0x33 ./mbed-src/common/semihost_api.o
 .ARM.attributes
                0x000008f7       0x33 ./mbed-src/common/us_ticker_api.o
 .ARM.attributes
                0x0000092a       0x33 ./mbed-src/common/wait_api.o
 .ARM.attributes
                0x0000095d       0x33 ./main.o
 .ARM.attributes
                0x00000990       0x1d e:/dev/nxp/lpcxpresso_6.0.2_151/lpcxpresso/tools/bin/../lib/gcc/arm-none-eabi/4.6.2/armv7-m\libgcc.a(_arm_addsubdf3.o)
 .ARM.attributes
                0x000009ad       0x1d e:/dev/nxp/lpcxpresso_6.0.2_151/lpcxpresso/tools/bin/../lib/gcc/arm-none-eabi/4.6.2/armv7-m\libgcc.a(_arm_fixdfsi.o)
 .ARM.attributes
                0x000009ca       0x1d e:/dev/nxp/lpcxpresso_6.0.2_151/lpcxpresso/tools/bin/../lib/gcc/arm-none-eabi/4.6.2/armv7-m\libgcc.a(_arm_truncdfsf2.o)
 .ARM.attributes
                0x000009e7       0x1d e:/dev/nxp/lpcxpresso_6.0.2_151/lpcxpresso/tools/bin/../lib/gcc/arm-none-eabi/4.6.2/armv7-m\libgcc.a(_arm_addsubsf3.o)
 .ARM.attributes
                0x00000a04       0x1d e:/dev/nxp/lpcxpresso_6.0.2_151/lpcxpresso/tools/bin/../lib/gcc/arm-none-eabi/4.6.2/armv7-m\libgcc.a(_arm_muldivsf3.o)
 .ARM.attributes
                0x00000a21       0x1d e:/dev/nxp/lpcxpresso_6.0.2_151/lpcxpresso/tools/bin/../lib/gcc/arm-none-eabi/4.6.2/armv7-m\libgcc.a(_arm_cmpsf2.o)
 .ARM.attributes
                0x00000a3e       0x1d e:/dev/nxp/lpcxpresso_6.0.2_151/lpcxpresso/tools/bin/../lib/gcc/arm-none-eabi/4.6.2/armv7-m\libgcc.a(_arm_fixsfsi.o)
 .ARM.attributes
                0x00000a5b       0x1d e:/dev/nxp/lpcxpresso_6.0.2_151/lpcxpresso/tools/bin/../lib/gcc/arm-none-eabi/4.6.2/armv7-m\libgcc.a(_arm_fixunssfsi.o)
 .ARM.attributes
                0x00000a78       0x1d e:/dev/nxp/lpcxpresso_6.0.2_151/lpcxpresso/tools/bin/../lib/gcc/arm-none-eabi/4.6.2/armv7-m\libgcc.a(_aeabi_uldivmod.o)
 .ARM.attributes
                0x00000a95       0x2d e:/dev/nxp/lpcxpresso_6.0.2_151/lpcxpresso/tools/bin/../lib/gcc/arm-none-eabi/4.6.2/armv7-m\libgcc.a(bpabi.o)
 .ARM.attributes
                0x00000ac2       0x1d e:/dev/nxp/lpcxpresso_6.0.2_151/lpcxpresso/tools/bin/../lib/gcc/arm-none-eabi/4.6.2/armv7-m\libgcc.a(_dvmd_tls.o)
 .ARM.attributes
                0x00000adf       0x2d e:/dev/nxp/lpcxpresso_6.0.2_151/lpcxpresso/tools/bin/../lib/gcc/arm-none-eabi/4.6.2/armv7-m\libgcc.a(_divdi3.o)
 .ARM.attributes
                0x00000b0c       0x2d e:/dev/nxp/lpcxpresso_6.0.2_151/lpcxpresso/tools/bin/../lib/gcc/arm-none-eabi/4.6.2/armv7-m\libgcc.a(_udivdi3.o)
 .ARM.attributes
                0x00000b39       0x2d e:/dev/nxp/lpcxpresso_6.0.2_151/lpcxpresso/tools/bin/../lib/gcc/arm-none-eabi/4.6.2/../../../../arm-none-eabi/lib/armv7-m\libc.a(lib_a-errno.o)
 .ARM.attributes
                0x00000b66       0x2d e:/dev/nxp/lpcxpresso_6.0.2_151/lpcxpresso/tools/bin/../lib/gcc/arm-none-eabi/4.6.2/../../../../arm-none-eabi/lib/armv7-m\libc.a(lib_a-fclose.o)
 .ARM.attributes
                0x00000b93       0x2d e:/dev/nxp/lpcxpresso_6.0.2_151/lpcxpresso/tools/bin/../lib/gcc/arm-none-eabi/4.6.2/../../../../arm-none-eabi/lib/armv7-m\libc.a(lib_a-fflush.o)
 .ARM.attributes
                0x00000bc0       0x2d e:/dev/nxp/lpcxpresso_6.0.2_151/lpcxpresso/tools/bin/../lib/gcc/arm-none-eabi/4.6.2/../../../../arm-none-eabi/lib/armv7-m\libc.a(lib_a-fgetc.o)
 .ARM.attributes
                0x00000bed       0x2d e:/dev/nxp/lpcxpresso_6.0.2_151/lpcxpresso/tools/bin/../lib/gcc/arm-none-eabi/4.6.2/../../../../arm-none-eabi/lib/armv7-m\libc.a(lib_a-fgets.o)
 .ARM.attributes
                0x00000c1a       0x2d e:/dev/nxp/lpcxpresso_6.0.2_151/lpcxpresso/tools/bin/../lib/gcc/arm-none-eabi/4.6.2/../../../../arm-none-eabi/lib/armv7-m\libc.a(lib_a-findfp.o)
 .ARM.attributes
                0x00000c47       0x2d e:/dev/nxp/lpcxpresso_6.0.2_151/lpcxpresso/tools/bin/../lib/gcc/arm-none-eabi/4.6.2/../../../../arm-none-eabi/lib/armv7-m\libc.a(lib_a-fopen.o)
 .ARM.attributes
                0x00000c74       0x2d e:/dev/nxp/lpcxpresso_6.0.2_151/lpcxpresso/tools/bin/../lib/gcc/arm-none-eabi/4.6.2/../../../../arm-none-eabi/lib/armv7-m\libc.a(lib_a-fprintf.o)
 .ARM.attributes
                0x00000ca1       0x2d e:/dev/nxp/lpcxpresso_6.0.2_151/lpcxpresso/tools/bin/../lib/gcc/arm-none-eabi/4.6.2/../../../../arm-none-eabi/lib/armv7-m\libc.a(lib_a-fputc.o)
 .ARM.attributes
                0x00000cce       0x2d e:/dev/nxp/lpcxpresso_6.0.2_151/lpcxpresso/tools/bin/../lib/gcc/arm-none-eabi/4.6.2/../../../../arm-none-eabi/lib/armv7-m\libc.a(lib_a-fputs.o)
 .ARM.attributes
                0x00000cfb       0x2d e:/dev/nxp/lpcxpresso_6.0.2_151/lpcxpresso/tools/bin/../lib/gcc/arm-none-eabi/4.6.2/../../../../arm-none-eabi/lib/armv7-m\libc.a(lib_a-freer.o)
 .ARM.attributes
                0x00000d28       0x2d e:/dev/nxp/lpcxpresso_6.0.2_151/lpcxpresso/tools/bin/../lib/gcc/arm-none-eabi/4.6.2/../../../../arm-none-eabi/lib/armv7-m\libc.a(lib_a-fseek.o)
 .ARM.attributes
                0x00000d55       0x2d e:/dev/nxp/lpcxpresso_6.0.2_151/lpcxpresso/tools/bin/../lib/gcc/arm-none-eabi/4.6.2/../../../../arm-none-eabi/lib/armv7-m\libc.a(lib_a-fstatr.o)
 .ARM.attributes
                0x00000d82       0x2d e:/dev/nxp/lpcxpresso_6.0.2_151/lpcxpresso/tools/bin/../lib/gcc/arm-none-eabi/4.6.2/../../../../arm-none-eabi/lib/armv7-m\libc.a(lib_a-fvwrite.o)
 .ARM.attributes
                0x00000daf       0x2d e:/dev/nxp/lpcxpresso_6.0.2_151/lpcxpresso/tools/bin/../lib/gcc/arm-none-eabi/4.6.2/../../../../arm-none-eabi/lib/armv7-m\libc.a(lib_a-fwalk.o)
 .ARM.attributes
                0x00000ddc       0x2d e:/dev/nxp/lpcxpresso_6.0.2_151/lpcxpresso/tools/bin/../lib/gcc/arm-none-eabi/4.6.2/../../../../arm-none-eabi/lib/armv7-m\libc.a(lib_a-impure.o)
 .ARM.attributes
                0x00000e09       0x2d e:/dev/nxp/lpcxpresso_6.0.2_151/lpcxpresso/tools/bin/../lib/gcc/arm-none-eabi/4.6.2/../../../../arm-none-eabi/lib/armv7-m\libc.a(lib_a-init.o)
 .ARM.attributes
                0x00000e36       0x2d e:/dev/nxp/lpcxpresso_6.0.2_151/lpcxpresso/tools/bin/../lib/gcc/arm-none-eabi/4.6.2/../../../../arm-none-eabi/lib/armv7-m\libc.a(lib_a-makebuf.o)
 .ARM.attributes
                0x00000e63       0x2d e:/dev/nxp/lpcxpresso_6.0.2_151/lpcxpresso/tools/bin/../lib/gcc/arm-none-eabi/4.6.2/../../../../arm-none-eabi/lib/armv7-m\libc.a(lib_a-mallocr.o)
 .ARM.attributes
                0x00000e90       0x2d e:/dev/nxp/lpcxpresso_6.0.2_151/lpcxpresso/tools/bin/../lib/gcc/arm-none-eabi/4.6.2/../../../../arm-none-eabi/lib/armv7-m\libc.a(lib_a-memchr.o)
 .ARM.attributes
                0x00000ebd       0x2d e:/dev/nxp/lpcxpresso_6.0.2_151/lpcxpresso/tools/bin/../lib/gcc/arm-none-eabi/4.6.2/../../../../arm-none-eabi/lib/armv7-m\libc.a(lib_a-memcpy.o)
 .ARM.attributes
                0x00000eea       0x2d e:/dev/nxp/lpcxpresso_6.0.2_151/lpcxpresso/tools/bin/../lib/gcc/arm-none-eabi/4.6.2/../../../../arm-none-eabi/lib/armv7-m\libc.a(lib_a-memmove.o)
 .ARM.attributes
                0x00000f17       0x2d e:/dev/nxp/lpcxpresso_6.0.2_151/lpcxpresso/tools/bin/../lib/gcc/arm-none-eabi/4.6.2/../../../../arm-none-eabi/lib/armv7-m\libc.a(lib_a-memset.o)
 .ARM.attributes
                0x00000f44       0x2d e:/dev/nxp/lpcxpresso_6.0.2_151/lpcxpresso/tools/bin/../lib/gcc/arm-none-eabi/4.6.2/../../../../arm-none-eabi/lib/armv7-m\libc.a(lib_a-mlock.o)
 .ARM.attributes
                0x00000f71       0x2d e:/dev/nxp/lpcxpresso_6.0.2_151/lpcxpresso/tools/bin/../lib/gcc/arm-none-eabi/4.6.2/../../../../arm-none-eabi/lib/armv7-m\libc.a(lib_a-openr.o)
 .ARM.attributes
                0x00000f9e       0x2d e:/dev/nxp/lpcxpresso_6.0.2_151/lpcxpresso/tools/bin/../lib/gcc/arm-none-eabi/4.6.2/../../../../arm-none-eabi/lib/armv7-m\libc.a(lib_a-putc.o)
 .ARM.attributes
                0x00000fcb       0x2d e:/dev/nxp/lpcxpresso_6.0.2_151/lpcxpresso/tools/bin/../lib/gcc/arm-none-eabi/4.6.2/../../../../arm-none-eabi/lib/armv7-m\libc.a(lib_a-reallocr.o)
 .ARM.attributes
                0x00000ff8       0x2d e:/dev/nxp/lpcxpresso_6.0.2_151/lpcxpresso/tools/bin/../lib/gcc/arm-none-eabi/4.6.2/../../../../arm-none-eabi/lib/armv7-m\libc.a(lib_a-reent.o)
 .ARM.attributes
                0x00001025       0x2d e:/dev/nxp/lpcxpresso_6.0.2_151/lpcxpresso/tools/bin/../lib/gcc/arm-none-eabi/4.6.2/../../../../arm-none-eabi/lib/armv7-m\libc.a(lib_a-refill.o)
 .ARM.attributes
                0x00001052       0x2d e:/dev/nxp/lpcxpresso_6.0.2_151/lpcxpresso/tools/bin/../lib/gcc/arm-none-eabi/4.6.2/../../../../arm-none-eabi/lib/armv7-m\libc.a(lib_a-rget.o)
 .ARM.attributes
                0x0000107f       0x2d e:/dev/nxp/lpcxpresso_6.0.2_151/lpcxpresso/tools/bin/../lib/gcc/arm-none-eabi/4.6.2/../../../../arm-none-eabi/lib/armv7-m\libc.a(lib_a-sbrkr.o)
 .ARM.attributes
                0x000010ac       0x2d e:/dev/nxp/lpcxpresso_6.0.2_151/lpcxpresso/tools/bin/../lib/gcc/arm-none-eabi/4.6.2/../../../../arm-none-eabi/lib/armv7-m\libc.a(lib_a-setbuf.o)
 .ARM.attributes
                0x000010d9       0x2d e:/dev/nxp/lpcxpresso_6.0.2_151/lpcxpresso/tools/bin/../lib/gcc/arm-none-eabi/4.6.2/../../../../arm-none-eabi/lib/armv7-m\libc.a(lib_a-setvbuf.o)
 .ARM.attributes
                0x00001106       0x2d e:/dev/nxp/lpcxpresso_6.0.2_151/lpcxpresso/tools/bin/../lib/gcc/arm-none-eabi/4.6.2/../../../../arm-none-eabi/lib/armv7-m\libc.a(lib_a-sprintf.o)
 .ARM.attributes
                0x00001133       0x2d e:/dev/nxp/lpcxpresso_6.0.2_151/lpcxpresso/tools/bin/../lib/gcc/arm-none-eabi/4.6.2/../../../../arm-none-eabi/lib/armv7-m\libc.a(lib_a-sscanf.o)
 .ARM.attributes
                0x00001160       0x2d e:/dev/nxp/lpcxpresso_6.0.2_151/lpcxpresso/tools/bin/../lib/gcc/arm-none-eabi/4.6.2/../../../../arm-none-eabi/lib/armv7-m\libc.a(lib_a-stdio.o)
 .ARM.attributes
                0x0000118d       0x2d e:/dev/nxp/lpcxpresso_6.0.2_151/lpcxpresso/tools/bin/../lib/gcc/arm-none-eabi/4.6.2/../../../../arm-none-eabi/lib/armv7-m\libc.a(lib_a-strcmp.o)
 .ARM.attributes
                0x000011ba       0x2d e:/dev/nxp/lpcxpresso_6.0.2_151/lpcxpresso/tools/bin/../lib/gcc/arm-none-eabi/4.6.2/../../../../arm-none-eabi/lib/armv7-m\libc.a(lib_a-strlen.o)
 .ARM.attributes
                0x000011e7       0x2d e:/dev/nxp/lpcxpresso_6.0.2_151/lpcxpresso/tools/bin/../lib/gcc/arm-none-eabi/4.6.2/../../../../arm-none-eabi/lib/armv7-m\libc.a(lib_a-strncmp.o)
 .ARM.attributes
                0x00001214       0x2d e:/dev/nxp/lpcxpresso_6.0.2_151/lpcxpresso/tools/bin/../lib/gcc/arm-none-eabi/4.6.2/../../../../arm-none-eabi/lib/armv7-m\libc.a(lib_a-strncpy.o)
 .ARM.attributes
                0x00001241       0x2d e:/dev/nxp/lpcxpresso_6.0.2_151/lpcxpresso/tools/bin/../lib/gcc/arm-none-eabi/4.6.2/../../../../arm-none-eabi/lib/armv7-m\libc.a(lib_a-svfprintf.o)
 .ARM.attributes
                0x0000126e       0x2d e:/dev/nxp/lpcxpresso_6.0.2_151/lpcxpresso/tools/bin/../lib/gcc/arm-none-eabi/4.6.2/../../../../arm-none-eabi/lib/armv7-m\libc.a(lib_a-svfscanf.o)
 .ARM.attributes
                0x0000129b       0x2d e:/dev/nxp/lpcxpresso_6.0.2_151/lpcxpresso/tools/bin/../lib/gcc/arm-none-eabi/4.6.2/../../../../arm-none-eabi/lib/armv7-m\libc.a(lib_a-vfprintf.o)
 .ARM.attributes
                0x000012c8       0x2d e:/dev/nxp/lpcxpresso_6.0.2_151/lpcxpresso/tools/bin/../lib/gcc/arm-none-eabi/4.6.2/../../../../arm-none-eabi/lib/armv7-m\libc.a(lib_a-vfscanf.o)
 .ARM.attributes
                0x000012f5       0x2d e:/dev/nxp/lpcxpresso_6.0.2_151/lpcxpresso/tools/bin/../lib/gcc/arm-none-eabi/4.6.2/../../../../arm-none-eabi/lib/armv7-m\libc.a(lib_a-wbuf.o)
 .ARM.attributes
                0x00001322       0x2d e:/dev/nxp/lpcxpresso_6.0.2_151/lpcxpresso/tools/bin/../lib/gcc/arm-none-eabi/4.6.2/../../../../arm-none-eabi/lib/armv7-m\libc.a(lib_a-writer.o)
 .ARM.attributes
                0x0000134f       0x2d e:/dev/nxp/lpcxpresso_6.0.2_151/lpcxpresso/tools/bin/../lib/gcc/arm-none-eabi/4.6.2/../../../../arm-none-eabi/lib/armv7-m\libc.a(lib_a-wsetup.o)
 .ARM.attributes
                0x0000137c       0x2d e:/dev/nxp/lpcxpresso_6.0.2_151/lpcxpresso/tools/bin/../lib/gcc/arm-none-eabi/4.6.2/../../../../arm-none-eabi/lib/armv7-m\libc.a(lib_a-closer.o)
 .ARM.attributes
                0x000013a9       0x2d e:/dev/nxp/lpcxpresso_6.0.2_151/lpcxpresso/tools/bin/../lib/gcc/arm-none-eabi/4.6.2/../../../../arm-none-eabi/lib/armv7-m\libc.a(lib_a-ctype_.o)
 .ARM.attributes
                0x000013d6       0x2d e:/dev/nxp/lpcxpresso_6.0.2_151/lpcxpresso/tools/bin/../lib/gcc/arm-none-eabi/4.6.2/../../../../arm-none-eabi/lib/armv7-m\libc.a(lib_a-dtoa.o)
 .ARM.attributes
                0x00001403       0x2d e:/dev/nxp/lpcxpresso_6.0.2_151/lpcxpresso/tools/bin/../lib/gcc/arm-none-eabi/4.6.2/../../../../arm-none-eabi/lib/armv7-m\libc.a(lib_a-flags.o)
 .ARM.attributes
                0x00001430       0x2d e:/dev/nxp/lpcxpresso_6.0.2_151/lpcxpresso/tools/bin/../lib/gcc/arm-none-eabi/4.6.2/../../../../arm-none-eabi/lib/armv7-m\libc.a(lib_a-fread.o)
 .ARM.attributes
                0x0000145d       0x2d e:/dev/nxp/lpcxpresso_6.0.2_151/lpcxpresso/tools/bin/../lib/gcc/arm-none-eabi/4.6.2/../../../../arm-none-eabi/lib/armv7-m\libc.a(lib_a-isattyr.o)
 .ARM.attributes
                0x0000148a       0x2d e:/dev/nxp/lpcxpresso_6.0.2_151/lpcxpresso/tools/bin/../lib/gcc/arm-none-eabi/4.6.2/../../../../arm-none-eabi/lib/armv7-m\libc.a(lib_a-iswspace.o)
 .ARM.attributes
                0x000014b7       0x2d e:/dev/nxp/lpcxpresso_6.0.2_151/lpcxpresso/tools/bin/../lib/gcc/arm-none-eabi/4.6.2/../../../../arm-none-eabi/lib/armv7-m\libc.a(lib_a-locale.o)
 .ARM.attributes
                0x000014e4       0x2d e:/dev/nxp/lpcxpresso_6.0.2_151/lpcxpresso/tools/bin/../lib/gcc/arm-none-eabi/4.6.2/../../../../arm-none-eabi/lib/armv7-m\libc.a(lib_a-lseekr.o)
 .ARM.attributes
                0x00001511       0x2d e:/dev/nxp/lpcxpresso_6.0.2_151/lpcxpresso/tools/bin/../lib/gcc/arm-none-eabi/4.6.2/../../../../arm-none-eabi/lib/armv7-m\libc.a(lib_a-malloc.o)
 .ARM.attributes
                0x0000153e       0x2d e:/dev/nxp/lpcxpresso_6.0.2_151/lpcxpresso/tools/bin/../lib/gcc/arm-none-eabi/4.6.2/../../../../arm-none-eabi/lib/armv7-m\libc.a(lib_a-mbrtowc.o)
 .ARM.attributes
                0x0000156b       0x2d e:/dev/nxp/lpcxpresso_6.0.2_151/lpcxpresso/tools/bin/../lib/gcc/arm-none-eabi/4.6.2/../../../../arm-none-eabi/lib/armv7-m\libc.a(lib_a-mbtowc_r.o)
 .ARM.attributes
                0x00001598       0x2d e:/dev/nxp/lpcxpresso_6.0.2_151/lpcxpresso/tools/bin/../lib/gcc/arm-none-eabi/4.6.2/../../../../arm-none-eabi/lib/armv7-m\libc.a(lib_a-mprec.o)
 .ARM.attributes
                0x000015c5       0x2d e:/dev/nxp/lpcxpresso_6.0.2_151/lpcxpresso/tools/bin/../lib/gcc/arm-none-eabi/4.6.2/../../../../arm-none-eabi/lib/armv7-m\libc.a(lib_a-readr.o)
 .ARM.attributes
                0x000015f2       0x2d e:/dev/nxp/lpcxpresso_6.0.2_151/lpcxpresso/tools/bin/../lib/gcc/arm-none-eabi/4.6.2/../../../../arm-none-eabi/lib/armv7-m\libc.a(lib_a-s_fpclassify.o)
 .ARM.attributes
                0x0000161f       0x2d e:/dev/nxp/lpcxpresso_6.0.2_151/lpcxpresso/tools/bin/../lib/gcc/arm-none-eabi/4.6.2/../../../../arm-none-eabi/lib/armv7-m\libc.a(lib_a-sccl.o)
 .ARM.attributes
                0x0000164c       0x2d e:/dev/nxp/lpcxpresso_6.0.2_151/lpcxpresso/tools/bin/../lib/gcc/arm-none-eabi/4.6.2/../../../../arm-none-eabi/lib/armv7-m\libc.a(lib_a-sf_nan.o)
 .ARM.attributes
                0x00001679       0x2d e:/dev/nxp/lpcxpresso_6.0.2_151/lpcxpresso/tools/bin/../lib/gcc/arm-none-eabi/4.6.2/../../../../arm-none-eabi/lib/armv7-m\libc.a(lib_a-strtod.o)
 .ARM.attributes
                0x000016a6       0x2d e:/dev/nxp/lpcxpresso_6.0.2_151/lpcxpresso/tools/bin/../lib/gcc/arm-none-eabi/4.6.2/../../../../arm-none-eabi/lib/armv7-m\libc.a(lib_a-strtol.o)
 .ARM.attributes
                0x000016d3       0x2d e:/dev/nxp/lpcxpresso_6.0.2_151/lpcxpresso/tools/bin/../lib/gcc/arm-none-eabi/4.6.2/../../../../arm-none-eabi/lib/armv7-m\libc.a(lib_a-strtoll_r.o)
 .ARM.attributes
                0x00001700       0x2d e:/dev/nxp/lpcxpresso_6.0.2_151/lpcxpresso/tools/bin/../lib/gcc/arm-none-eabi/4.6.2/../../../../arm-none-eabi/lib/armv7-m\libc.a(lib_a-strtoul.o)
 .ARM.attributes
                0x0000172d       0x2d e:/dev/nxp/lpcxpresso_6.0.2_151/lpcxpresso/tools/bin/../lib/gcc/arm-none-eabi/4.6.2/../../../../arm-none-eabi/lib/armv7-m\libc.a(lib_a-strtoull_r.o)
 .ARM.attributes
                0x0000175a       0x2d e:/dev/nxp/lpcxpresso_6.0.2_151/lpcxpresso/tools/bin/../lib/gcc/arm-none-eabi/4.6.2/../../../../arm-none-eabi/lib/armv7-m\libc.a(lib_a-svfiprintf.o)
 .ARM.attributes
                0x00001787       0x2d e:/dev/nxp/lpcxpresso_6.0.2_151/lpcxpresso/tools/bin/../lib/gcc/arm-none-eabi/4.6.2/../../../../arm-none-eabi/lib/armv7-m\libc.a(lib_a-svfiscanf.o)
 .ARM.attributes
                0x000017b4       0x2d e:/dev/nxp/lpcxpresso_6.0.2_151/lpcxpresso/tools/bin/../lib/gcc/arm-none-eabi/4.6.2/../../../../arm-none-eabi/lib/armv7-m\libc.a(lib_a-ungetc.o)
 .ARM.attributes
                0x000017e1       0x2d e:/dev/nxp/lpcxpresso_6.0.2_151/lpcxpresso/tools/bin/../lib/gcc/arm-none-eabi/4.6.2/../../../../arm-none-eabi/lib/armv7-m\libc.a(lib_a-vfiprintf.o)
 .ARM.attributes
                0x0000180e       0x2d e:/dev/nxp/lpcxpresso_6.0.2_151/lpcxpresso/tools/bin/../lib/gcc/arm-none-eabi/4.6.2/../../../../arm-none-eabi/lib/armv7-m\libc.a(lib_a-callocr.o)
 .ARM.attributes
                0x0000183b       0x2d e:/dev/nxp/lpcxpresso_6.0.2_151/lpcxpresso/tools/bin/../lib/gcc/arm-none-eabi/4.6.2/../../../../arm-none-eabi/lib/armv7-m\libc.a(lib_a-fputwc.o)
 .ARM.attributes
                0x00001868       0x2d e:/dev/nxp/lpcxpresso_6.0.2_151/lpcxpresso/tools/bin/../lib/gcc/arm-none-eabi/4.6.2/../../../../arm-none-eabi/lib/armv7-m\libc.a(lib_a-gdtoa-gethex.o)
 .ARM.attributes
                0x00001895       0x2d e:/dev/nxp/lpcxpresso_6.0.2_151/lpcxpresso/tools/bin/../lib/gcc/arm-none-eabi/4.6.2/../../../../arm-none-eabi/lib/armv7-m\libc.a(lib_a-gdtoa-hexnan.o)
 .ARM.attributes
                0x000018c2       0x2d e:/dev/nxp/lpcxpresso_6.0.2_151/lpcxpresso/tools/bin/../lib/gcc/arm-none-eabi/4.6.2/../../../../arm-none-eabi/lib/armv7-m\libc.a(lib_a-wcrtomb.o)
 .ARM.attributes
                0x000018ef       0x2d e:/dev/nxp/lpcxpresso_6.0.2_151/lpcxpresso/tools/bin/../lib/gcc/arm-none-eabi/4.6.2/../../../../arm-none-eabi/lib/armv7-m\libc.a(lib_a-wctomb_r.o)
 .ARM.attributes
                0x0000191c       0x2d e:/dev/nxp/lpcxpresso_6.0.2_151/lpcxpresso/tools/bin/../lib/gcc/arm-none-eabi/4.6.2/../../../../arm-none-eabi/lib/armv7-m\libstdc++.a(si_class_type_info.o)
 .ARM.attributes
                0x00001949       0x2d e:/dev/nxp/lpcxpresso_6.0.2_151/lpcxpresso/tools/bin/../lib/gcc/arm-none-eabi/4.6.2/../../../../arm-none-eabi/lib/armv7-m\libstdc++.a(new_opv.o)
 .ARM.attributes
                0x00001976       0x2d e:/dev/nxp/lpcxpresso_6.0.2_151/lpcxpresso/tools/bin/../lib/gcc/arm-none-eabi/4.6.2/../../../../arm-none-eabi/lib/armv7-m\libstdc++.a(del_op.o)
 .ARM.attributes
                0x000019a3       0x2d e:/dev/nxp/lpcxpresso_6.0.2_151/lpcxpresso/tools/bin/../lib/gcc/arm-none-eabi/4.6.2/../../../../arm-none-eabi/lib/armv7-m\libstdc++.a(class_type_info.o)
 .ARM.attributes
                0x000019d0       0x2d e:/dev/nxp/lpcxpresso_6.0.2_151/lpcxpresso/tools/bin/../lib/gcc/arm-none-eabi/4.6.2/../../../../arm-none-eabi/lib/armv7-m\libstdc++.a(new_op.o)
 .ARM.attributes
                0x000019fd       0x2d e:/dev/nxp/lpcxpresso_6.0.2_151/lpcxpresso/tools/bin/../lib/gcc/arm-none-eabi/4.6.2/../../../../arm-none-eabi/lib/armv7-m\libstdc++.a(eh_personality.o)
 .ARM.attributes
                0x00001a2a       0x2d e:/dev/nxp/lpcxpresso_6.0.2_151/lpcxpresso/tools/bin/../lib/gcc/arm-none-eabi/4.6.2/../../../../arm-none-eabi/lib/armv7-m\libstdc++.a(eh_alloc.o)
 .ARM.attributes
                0x00001a57       0x2d e:/dev/nxp/lpcxpresso_6.0.2_151/lpcxpresso/tools/bin/../lib/gcc/arm-none-eabi/4.6.2/../../../../arm-none-eabi/lib/armv7-m\libstdc++.a(vmi_class_type_info.o)
 .ARM.attributes
                0x00001a84       0x2d e:/dev/nxp/lpcxpresso_6.0.2_151/lpcxpresso/tools/bin/../lib/gcc/arm-none-eabi/4.6.2/../../../../arm-none-eabi/lib/armv7-m\libstdc++.a(eh_terminate.o)
 .ARM.attributes
                0x00001ab1       0x2d e:/dev/nxp/lpcxpresso_6.0.2_151/lpcxpresso/tools/bin/../lib/gcc/arm-none-eabi/4.6.2/../../../../arm-none-eabi/lib/armv7-m\libstdc++.a(tinfo.o)
 .ARM.attributes
                0x00001ade       0x2d e:/dev/nxp/lpcxpresso_6.0.2_151/lpcxpresso/tools/bin/../lib/gcc/arm-none-eabi/4.6.2/../../../../arm-none-eabi/lib/armv7-m\libstdc++.a(eh_unex_handler.o)
 .ARM.attributes
                0x00001b0b       0x2d e:/dev/nxp/lpcxpresso_6.0.2_151/lpcxpresso/tools/bin/../lib/gcc/arm-none-eabi/4.6.2/../../../../arm-none-eabi/lib/armv7-m\libstdc++.a(eh_call.o)
 .ARM.attributes
                0x00001b38       0x2d e:/dev/nxp/lpcxpresso_6.0.2_151/lpcxpresso/tools/bin/../lib/gcc/arm-none-eabi/4.6.2/../../../../arm-none-eabi/lib/armv7-m\libstdc++.a(eh_arm.o)
 .ARM.attributes
                0x00001b65       0x2d e:/dev/nxp/lpcxpresso_6.0.2_151/lpcxpresso/tools/bin/../lib/gcc/arm-none-eabi/4.6.2/../../../../arm-none-eabi/lib/armv7-m\libstdc++.a(new_handler.o)
 .ARM.attributes
                0x00001b92       0x2d e:/dev/nxp/lpcxpresso_6.0.2_151/lpcxpresso/tools/bin/../lib/gcc/arm-none-eabi/4.6.2/../../../../arm-none-eabi/lib/armv7-m\libstdc++.a(bad_alloc.o)
 .ARM.attributes
                0x00001bbf       0x2d e:/dev/nxp/lpcxpresso_6.0.2_151/lpcxpresso/tools/bin/../lib/gcc/arm-none-eabi/4.6.2/../../../../arm-none-eabi/lib/armv7-m\libstdc++.a(eh_aux_runtime.o)
 .ARM.attributes
                0x00001bec       0x2d e:/dev/nxp/lpcxpresso_6.0.2_151/lpcxpresso/tools/bin/../lib/gcc/arm-none-eabi/4.6.2/../../../../arm-none-eabi/lib/armv7-m\libstdc++.a(eh_globals.o)
 .ARM.attributes
                0x00001c19       0x2d e:/dev/nxp/lpcxpresso_6.0.2_151/lpcxpresso/tools/bin/../lib/gcc/arm-none-eabi/4.6.2/../../../../arm-none-eabi/lib/armv7-m\libstdc++.a(bad_cast.o)
 .ARM.attributes
                0x00001c46       0x2d e:/dev/nxp/lpcxpresso_6.0.2_151/lpcxpresso/tools/bin/../lib/gcc/arm-none-eabi/4.6.2/../../../../arm-none-eabi/lib/armv7-m\libstdc++.a(eh_catch.o)
 .ARM.attributes
                0x00001c73       0x2d e:/dev/nxp/lpcxpresso_6.0.2_151/lpcxpresso/tools/bin/../lib/gcc/arm-none-eabi/4.6.2/../../../../arm-none-eabi/lib/armv7-m\libstdc++.a(eh_exception.o)
 .ARM.attributes
                0x00001ca0       0x2d e:/dev/nxp/lpcxpresso_6.0.2_151/lpcxpresso/tools/bin/../lib/gcc/arm-none-eabi/4.6.2/../../../../arm-none-eabi/lib/armv7-m\libstdc++.a(eh_throw.o)
 .ARM.attributes
                0x00001ccd       0x2d e:/dev/nxp/lpcxpresso_6.0.2_151/lpcxpresso/tools/bin/../lib/gcc/arm-none-eabi/4.6.2/../../../../arm-none-eabi/lib/armv7-m\libstdc++.a(eh_term_handler.o)
 .ARM.attributes
                0x00001cfa       0x2d e:/dev/nxp/lpcxpresso_6.0.2_151/lpcxpresso/tools/bin/../lib/gcc/arm-none-eabi/4.6.2/../../../../arm-none-eabi/lib/armv7-m\libstdc++.a(bad_typeid.o)
 .ARM.attributes
                0x00001d27       0x2d e:/dev/nxp/lpcxpresso_6.0.2_151/lpcxpresso/tools/bin/../lib/gcc/arm-none-eabi/4.6.2/../../../../arm-none-eabi/lib/armv7-m\libstdc++.a(fundamental_type_info.o)
 .ARM.attributes
                0x00001d54       0x2d e:/dev/nxp/lpcxpresso_6.0.2_151/lpcxpresso/tools/bin/../lib/gcc/arm-none-eabi/4.6.2/../../../../arm-none-eabi/lib/armv7-m\libstdc++.a(pointer_type_info.o)
 .ARM.attributes
                0x00001d81       0x2d e:/dev/nxp/lpcxpresso_6.0.2_151/lpcxpresso/tools/bin/../lib/gcc/arm-none-eabi/4.6.2/../../../../arm-none-eabi/lib/armv7-m\libstdc++.a(pbase_type_info.o)
 .ARM.attributes
                0x00001dae       0x2d e:/dev/nxp/lpcxpresso_6.0.2_151/lpcxpresso/tools/bin/../lib/gcc/arm-none-eabi/4.6.2/../../../../arm-none-eabi/lib/armv7-m\libm.a(lib_a-s_fabs.o)
 .ARM.attributes
                0x00001ddb       0x2d e:/dev/nxp/lpcxpresso_6.0.2_151/lpcxpresso/tools/bin/../lib/gcc/arm-none-eabi/4.6.2/../../../../arm-none-eabi/lib/armv7-m\libm.a(lib_a-s_floor.o)
 .ARM.attributes
                0x00001e08       0x1d e:/dev/nxp/lpcxpresso_6.0.2_151/lpcxpresso/tools/bin/../lib/gcc/arm-none-eabi/4.6.2/armv7-m\crti.o
 .ARM.attributes
                0x00001e25       0x1d e:/dev/nxp/lpcxpresso_6.0.2_151/lpcxpresso/tools/bin/../lib/gcc/arm-none-eabi/4.6.2/armv7-m\crtn.o
 .ARM.attributes
                0x00001e42       0x2d e:/dev/nxp/lpcxpresso_6.0.2_151/lpcxpresso/tools/bin/../lib/gcc/arm-none-eabi/4.6.2/armv7-m\crtbegin.o
 .ARM.attributes
                0x00001e6f       0x2d e:/dev/nxp/lpcxpresso_6.0.2_151/lpcxpresso/tools/bin/../lib/gcc/arm-none-eabi/4.6.2/armv7-m\crtend.o
 .ARM.attributes
                0x00001e9c       0x1d e:/dev/nxp/lpcxpresso_6.0.2_151/lpcxpresso/tools/bin/../lib/gcc/arm-none-eabi/4.6.2/armv7-m\libgcc.a(_arm_muldivdf3.o)
 .ARM.attributes
                0x00001eb9       0x1d e:/dev/nxp/lpcxpresso_6.0.2_151/lpcxpresso/tools/bin/../lib/gcc/arm-none-eabi/4.6.2/armv7-m\libgcc.a(_arm_cmpdf2.o)
 .ARM.attributes
                0x00001ed6       0x1d e:/dev/nxp/lpcxpresso_6.0.2_151/lpcxpresso/tools/bin/../lib/gcc/arm-none-eabi/4.6.2/armv7-m\libgcc.a(_arm_fixunsdfsi.o)
 .ARM.attributes
                0x00001ef3       0x2d e:/dev/nxp/lpcxpresso_6.0.2_151/lpcxpresso/tools/bin/../lib/gcc/arm-none-eabi/4.6.2/armv7-m\libgcc.a(unwind-arm.o)
 .ARM.attributes
                0x00001f20       0x1d e:/dev/nxp/lpcxpresso_6.0.2_151/lpcxpresso/tools/bin/../lib/gcc/arm-none-eabi/4.6.2/armv7-m\libgcc.a(libunwind.o)
 .ARM.attributes
                0x00001f3d       0x2d e:/dev/nxp/lpcxpresso_6.0.2_151/lpcxpresso/tools/bin/../lib/gcc/arm-none-eabi/4.6.2/armv7-m\libgcc.a(pr-support.o)
 .ARM.attributes
                0x00001f6a       0x2d e:/dev/nxp/lpcxpresso_6.0.2_151/lpcxpresso/tools/bin/../lib/gcc/arm-none-eabi/4.6.2/../../../../arm-none-eabi/lib/armv7-m\libc.a(lib_a-abort.o)
 .ARM.attributes
                0x00001f97       0x2d e:/dev/nxp/lpcxpresso_6.0.2_151/lpcxpresso/tools/bin/../lib/gcc/arm-none-eabi/4.6.2/../../../../arm-none-eabi/lib/armv7-m\libc.a(lib_a-signal.o)
 .ARM.attributes
                0x00001fc4       0x2d e:/dev/nxp/lpcxpresso_6.0.2_151/lpcxpresso/tools/bin/../lib/gcc/arm-none-eabi/4.6.2/../../../../arm-none-eabi/lib/armv7-m\libc.a(lib_a-signalr.o)

.debug_frame    0x00000000     0x56f4
 .debug_frame   0x00000000       0xe4 ./mbed-src/targets/hal/TARGET_NXP/TARGET_LPC13XX/analogin_api.o
 .debug_frame   0x000000e4       0x8c ./mbed-src/targets/hal/TARGET_NXP/TARGET_LPC13XX/gpio_api.o
 .debug_frame   0x00000170      0x184 ./mbed-src/targets/hal/TARGET_NXP/TARGET_LPC13XX/gpio_irq_api.o
 .debug_frame   0x000002f4      0x2d0 ./mbed-src/targets/hal/TARGET_NXP/TARGET_LPC13XX/i2c_api.o
 .debug_frame   0x000005c4       0x48 ./mbed-src/targets/hal/TARGET_NXP/TARGET_LPC13XX/pinmap.o
 .debug_frame   0x0000060c       0xc0 ./mbed-src/targets/hal/TARGET_NXP/TARGET_LPC13XX/port_api.o
 .debug_frame   0x000006cc      0x154 ./mbed-src/targets/hal/TARGET_NXP/TARGET_LPC13XX/pwmout_api.o
 .debug_frame   0x00000820      0x228 ./mbed-src/targets/hal/TARGET_NXP/TARGET_LPC13XX/serial_api.o
 .debug_frame   0x00000a48       0x40 ./mbed-src/targets/hal/TARGET_NXP/TARGET_LPC13XX/sleep.o
 .debug_frame   0x00000a88      0x1f4 ./mbed-src/targets/hal/TARGET_NXP/TARGET_LPC13XX/spi_api.o
 .debug_frame   0x00000c7c       0xb4 ./mbed-src/targets/hal/TARGET_NXP/TARGET_LPC13XX/us_ticker.o
 .debug_frame   0x00000d30      0x158 ./mbed-src/targets/cmsis/TARGET_NXP/TARGET_LPC13XX/TOOLCHAIN_GCC_CR/cr_startup_lpc13uxx.o
 .debug_frame   0x00000e88       0x48 ./mbed-src/targets/cmsis/TARGET_NXP/TARGET_LPC13XX/cmsis_nvic.o
 .debug_frame   0x00000ed0       0x48 ./mbed-src/targets/cmsis/TARGET_NXP/TARGET_LPC13XX/system_LPC13Uxx.o
 .debug_frame   0x00000f18      0x12c ./mbed-src/common/BusIn.o
 .debug_frame   0x00001044      0x288 ./mbed-src/common/BusInOut.o
 .debug_frame   0x000012cc      0x1c8 ./mbed-src/common/BusOut.o
 .debug_frame   0x00001494      0x1c4 ./mbed-src/common/CallChain.o
 .debug_frame   0x00001658       0xe0 ./mbed-src/common/FileBase.o
 .debug_frame   0x00001738       0xac ./mbed-src/common/FileLike.o
 .debug_frame   0x000017e4       0xe8 ./mbed-src/common/FilePath.o
 .debug_frame   0x000018cc      0x288 ./mbed-src/common/FileSystemLike.o
 .debug_frame   0x00001b54       0x6c ./mbed-src/common/FunctionPointer.o
 .debug_frame   0x00001bc0      0x130 ./mbed-src/common/I2C.o
 .debug_frame   0x00001cf0      0x130 ./mbed-src/common/I2CSlave.o
 .debug_frame   0x00001e20      0x1cc ./mbed-src/common/InterruptIn.o
 .debug_frame   0x00001fec      0x164 ./mbed-src/common/InterruptManager.o
 .debug_frame   0x00002150       0xb0 ./mbed-src/common/SPI.o
 .debug_frame   0x00002200       0xd0 ./mbed-src/common/SPISlave.o
 .debug_frame   0x000022d0      0x1d4 ./mbed-src/common/Serial.o
 .debug_frame   0x000024a4      0x20c ./mbed-src/common/Stream.o
 .debug_frame   0x000026b0       0xd4 ./mbed-src/common/Ticker.o
 .debug_frame   0x00002784       0xb0 ./mbed-src/common/Timeout.o
 .debug_frame   0x00002834      0x130 ./mbed-src/common/Timer.o
 .debug_frame   0x00002964       0xd0 ./mbed-src/common/TimerEvent.o
 .debug_frame   0x00002a34       0x2c ./mbed-src/common/board.o
 .debug_frame   0x00002a60       0x30 ./mbed-src/common/exit.o
 .debug_frame   0x00002a90       0x2c ./mbed-src/common/mbed_interface.o
 .debug_frame   0x00002abc       0x70 ./mbed-src/common/pinmap_common.o
 .debug_frame   0x00002b2c      0x344 ./mbed-src/common/retarget.o
 .debug_frame   0x00002e70       0x68 ./mbed-src/common/rtc_time.o
 .debug_frame   0x00002ed8       0x90 ./mbed-src/common/us_ticker_api.o
 .debug_frame   0x00002f68       0x70 ./mbed-src/common/wait_api.o
 .debug_frame   0x00002fd8       0xe4 ./main.o
 .debug_frame   0x000030bc       0x50 e:/dev/nxp/lpcxpresso_6.0.2_151/lpcxpresso/tools/bin/../lib/gcc/arm-none-eabi/4.6.2/armv7-m\libgcc.a(bpabi.o)
 .debug_frame   0x0000310c       0x34 e:/dev/nxp/lpcxpresso_6.0.2_151/lpcxpresso/tools/bin/../lib/gcc/arm-none-eabi/4.6.2/armv7-m\libgcc.a(_divdi3.o)
 .debug_frame   0x00003140       0x34 e:/dev/nxp/lpcxpresso_6.0.2_151/lpcxpresso/tools/bin/../lib/gcc/arm-none-eabi/4.6.2/armv7-m\libgcc.a(_udivdi3.o)
 .debug_frame   0x00003174       0x20 e:/dev/nxp/lpcxpresso_6.0.2_151/lpcxpresso/tools/bin/../lib/gcc/arm-none-eabi/4.6.2/../../../../arm-none-eabi/lib/armv7-m\libc.a(lib_a-errno.o)
 .debug_frame   0x00003194       0x3c e:/dev/nxp/lpcxpresso_6.0.2_151/lpcxpresso/tools/bin/../lib/gcc/arm-none-eabi/4.6.2/../../../../arm-none-eabi/lib/armv7-m\libc.a(lib_a-fclose.o)
 .debug_frame   0x000031d0       0x40 e:/dev/nxp/lpcxpresso_6.0.2_151/lpcxpresso/tools/bin/../lib/gcc/arm-none-eabi/4.6.2/../../../../arm-none-eabi/lib/armv7-m\libc.a(lib_a-fflush.o)
 .debug_frame   0x00003210       0x48 e:/dev/nxp/lpcxpresso_6.0.2_151/lpcxpresso/tools/bin/../lib/gcc/arm-none-eabi/4.6.2/../../../../arm-none-eabi/lib/armv7-m\libc.a(lib_a-fgetc.o)
 .debug_frame   0x00003258       0x4c e:/dev/nxp/lpcxpresso_6.0.2_151/lpcxpresso/tools/bin/../lib/gcc/arm-none-eabi/4.6.2/../../../../arm-none-eabi/lib/armv7-m\libc.a(lib_a-fgets.o)
 .debug_frame   0x000032a4      0x120 e:/dev/nxp/lpcxpresso_6.0.2_151/lpcxpresso/tools/bin/../lib/gcc/arm-none-eabi/4.6.2/../../../../arm-none-eabi/lib/armv7-m\libc.a(lib_a-findfp.o)
 .debug_frame   0x000033c4       0x40 e:/dev/nxp/lpcxpresso_6.0.2_151/lpcxpresso/tools/bin/../lib/gcc/arm-none-eabi/4.6.2/../../../../arm-none-eabi/lib/armv7-m\libc.a(lib_a-fopen.o)
 .debug_frame   0x00003404       0x58 e:/dev/nxp/lpcxpresso_6.0.2_151/lpcxpresso/tools/bin/../lib/gcc/arm-none-eabi/4.6.2/../../../../arm-none-eabi/lib/armv7-m\libc.a(lib_a-fprintf.o)
 .debug_frame   0x0000345c       0x48 e:/dev/nxp/lpcxpresso_6.0.2_151/lpcxpresso/tools/bin/../lib/gcc/arm-none-eabi/4.6.2/../../../../arm-none-eabi/lib/armv7-m\libc.a(lib_a-fputc.o)
 .debug_frame   0x000034a4       0x3c e:/dev/nxp/lpcxpresso_6.0.2_151/lpcxpresso/tools/bin/../lib/gcc/arm-none-eabi/4.6.2/../../../../arm-none-eabi/lib/armv7-m\libc.a(lib_a-fputs.o)
 .debug_frame   0x000034e0       0x50 e:/dev/nxp/lpcxpresso_6.0.2_151/lpcxpresso/tools/bin/../lib/gcc/arm-none-eabi/4.6.2/../../../../arm-none-eabi/lib/armv7-m\libc.a(lib_a-freer.o)
 .debug_frame   0x00003530       0x50 e:/dev/nxp/lpcxpresso_6.0.2_151/lpcxpresso/tools/bin/../lib/gcc/arm-none-eabi/4.6.2/../../../../arm-none-eabi/lib/armv7-m\libc.a(lib_a-fseek.o)
 .debug_frame   0x00003580       0x2c e:/dev/nxp/lpcxpresso_6.0.2_151/lpcxpresso/tools/bin/../lib/gcc/arm-none-eabi/4.6.2/../../../../arm-none-eabi/lib/armv7-m\libc.a(lib_a-fstatr.o)
 .debug_frame   0x000035ac       0x38 e:/dev/nxp/lpcxpresso_6.0.2_151/lpcxpresso/tools/bin/../lib/gcc/arm-none-eabi/4.6.2/../../../../arm-none-eabi/lib/armv7-m\libc.a(lib_a-fvwrite.o)
 .debug_frame   0x000035e4       0x54 e:/dev/nxp/lpcxpresso_6.0.2_151/lpcxpresso/tools/bin/../lib/gcc/arm-none-eabi/4.6.2/../../../../arm-none-eabi/lib/armv7-m\libc.a(lib_a-fwalk.o)
 .debug_frame   0x00003638       0x2c e:/dev/nxp/lpcxpresso_6.0.2_151/lpcxpresso/tools/bin/../lib/gcc/arm-none-eabi/4.6.2/../../../../arm-none-eabi/lib/armv7-m\libc.a(lib_a-init.o)
 .debug_frame   0x00003664       0x30 e:/dev/nxp/lpcxpresso_6.0.2_151/lpcxpresso/tools/bin/../lib/gcc/arm-none-eabi/4.6.2/../../../../arm-none-eabi/lib/armv7-m\libc.a(lib_a-makebuf.o)
 .debug_frame   0x00003694       0x38 e:/dev/nxp/lpcxpresso_6.0.2_151/lpcxpresso/tools/bin/../lib/gcc/arm-none-eabi/4.6.2/../../../../arm-none-eabi/lib/armv7-m\libc.a(lib_a-mallocr.o)
 .debug_frame   0x000036cc       0x2c e:/dev/nxp/lpcxpresso_6.0.2_151/lpcxpresso/tools/bin/../lib/gcc/arm-none-eabi/4.6.2/../../../../arm-none-eabi/lib/armv7-m\libc.a(lib_a-memchr.o)
 .debug_frame   0x000036f8       0x2c e:/dev/nxp/lpcxpresso_6.0.2_151/lpcxpresso/tools/bin/../lib/gcc/arm-none-eabi/4.6.2/../../../../arm-none-eabi/lib/armv7-m\libc.a(lib_a-memcpy.o)
 .debug_frame   0x00003724       0x2c e:/dev/nxp/lpcxpresso_6.0.2_151/lpcxpresso/tools/bin/../lib/gcc/arm-none-eabi/4.6.2/../../../../arm-none-eabi/lib/armv7-m\libc.a(lib_a-memmove.o)
 .debug_frame   0x00003750       0x2c e:/dev/nxp/lpcxpresso_6.0.2_151/lpcxpresso/tools/bin/../lib/gcc/arm-none-eabi/4.6.2/../../../../arm-none-eabi/lib/armv7-m\libc.a(lib_a-memset.o)
 .debug_frame   0x0000377c       0x30 e:/dev/nxp/lpcxpresso_6.0.2_151/lpcxpresso/tools/bin/../lib/gcc/arm-none-eabi/4.6.2/../../../../arm-none-eabi/lib/armv7-m\libc.a(lib_a-mlock.o)
 .debug_frame   0x000037ac       0x2c e:/dev/nxp/lpcxpresso_6.0.2_151/lpcxpresso/tools/bin/../lib/gcc/arm-none-eabi/4.6.2/../../../../arm-none-eabi/lib/armv7-m\libc.a(lib_a-openr.o)
 .debug_frame   0x000037d8       0x48 e:/dev/nxp/lpcxpresso_6.0.2_151/lpcxpresso/tools/bin/../lib/gcc/arm-none-eabi/4.6.2/../../../../arm-none-eabi/lib/armv7-m\libc.a(lib_a-putc.o)
 .debug_frame   0x00003820       0x38 e:/dev/nxp/lpcxpresso_6.0.2_151/lpcxpresso/tools/bin/../lib/gcc/arm-none-eabi/4.6.2/../../../../arm-none-eabi/lib/armv7-m\libc.a(lib_a-reallocr.o)